          1 graphs : mindeg=0; minverts=1; maxdeg=2; maxverts=10
          2 graphs : mindeg=0; minverts=1; maxdeg=2; maxverts=14
          5 graphs : mindeg=0; minverts=1; maxdeg=2; maxverts=18
          7 graphs : mindeg=0; minverts=1; maxdeg=2; maxverts=22
          3 graphs : mindeg=0; minverts=1; maxdeg=2; maxverts=26
          1 graphs : mindeg=0; minverts=1; maxdeg=2; maxverts=30
         51 graphs : mindeg=0; minverts=1; maxdeg=3; maxverts=1
         86 graphs : mindeg=0; minverts=1; maxdeg=3; maxverts=2
         93 graphs : mindeg=0; minverts=1; maxdeg=3; maxverts=3
         91 graphs : mindeg=0; minverts=1; maxdeg=3; maxverts=4
         52 graphs : mindeg=0; minverts=1; maxdeg=3; maxverts=5
         32 graphs : mindeg=0; minverts=1; maxdeg=3; maxverts=6
          9 graphs : mindeg=0; minverts=1; maxdeg=3; maxverts=7
          6 graphs : mindeg=0; minverts=1; maxdeg=3; maxverts=8
          1 graphs : mindeg=0; minverts=1; maxdeg=3; maxverts=10
        671 graphs : mindeg=0; minverts=1; maxdeg=4; maxverts=1
        530 graphs : mindeg=0; minverts=1; maxdeg=4; maxverts=2
        267 graphs : mindeg=0; minverts=1; maxdeg=4; maxverts=3
        117 graphs : mindeg=0; minverts=1; maxdeg=4; maxverts=4
         42 graphs : mindeg=0; minverts=1; maxdeg=4; maxverts=5
         13 graphs : mindeg=0; minverts=1; maxdeg=4; maxverts=6
          2 graphs : mindeg=0; minverts=1; maxdeg=4; maxverts=7
          1 graphs : mindeg=0; minverts=1; maxdeg=4; maxverts=8
          1 graphs : mindeg=0; minverts=1; maxdeg=4; maxverts=10
        979 graphs : mindeg=0; minverts=1; maxdeg=5; maxverts=1
        207 graphs : mindeg=0; minverts=1; maxdeg=5; maxverts=2
         22 graphs : mindeg=0; minverts=1; maxdeg=5; maxverts=3
          1 graphs : mindeg=0; minverts=1; maxdeg=5; maxverts=4
        233 graphs : mindeg=0; minverts=1; maxdeg=6; maxverts=1
          1 graphs : mindeg=0; minverts=2; maxdeg=2; maxverts=11
          3 graphs : mindeg=0; minverts=2; maxdeg=2; maxverts=15
          5 graphs : mindeg=0; minverts=2; maxdeg=2; maxverts=19
          3 graphs : mindeg=0; minverts=2; maxdeg=2; maxverts=23
         30 graphs : mindeg=0; minverts=2; maxdeg=3; maxverts=1
         37 graphs : mindeg=0; minverts=2; maxdeg=3; maxverts=2
         38 graphs : mindeg=0; minverts=2; maxdeg=3; maxverts=3
         28 graphs : mindeg=0; minverts=2; maxdeg=3; maxverts=4
         15 graphs : mindeg=0; minverts=2; maxdeg=3; maxverts=5
          5 graphs : mindeg=0; minverts=2; maxdeg=3; maxverts=6
          2 graphs : mindeg=0; minverts=2; maxdeg=3; maxverts=7
        183 graphs : mindeg=0; minverts=2; maxdeg=4; maxverts=1
         90 graphs : mindeg=0; minverts=2; maxdeg=4; maxverts=2
         36 graphs : mindeg=0; minverts=2; maxdeg=4; maxverts=3
         10 graphs : mindeg=0; minverts=2; maxdeg=4; maxverts=4
          4 graphs : mindeg=0; minverts=2; maxdeg=4; maxverts=5
        108 graphs : mindeg=0; minverts=2; maxdeg=5; maxverts=1
          1 graphs : mindeg=0; minverts=3; maxdeg=2; maxverts=8
          1 graphs : mindeg=0; minverts=3; maxdeg=2; maxverts=12
          3 graphs : mindeg=0; minverts=3; maxdeg=2; maxverts=16
          2 graphs : mindeg=0; minverts=3; maxdeg=2; maxverts=20
          1 graphs : mindeg=0; minverts=3; maxdeg=2; maxverts=24
         11 graphs : mindeg=0; minverts=3; maxdeg=3; maxverts=1
         14 graphs : mindeg=0; minverts=3; maxdeg=3; maxverts=2
          8 graphs : mindeg=0; minverts=3; maxdeg=3; maxverts=3
          8 graphs : mindeg=0; minverts=3; maxdeg=3; maxverts=4
          2 graphs : mindeg=0; minverts=3; maxdeg=3; maxverts=5
          1 graphs : mindeg=0; minverts=3; maxdeg=3; maxverts=6
          1 graphs : mindeg=0; minverts=3; maxdeg=3; maxverts=8
         30 graphs : mindeg=0; minverts=3; maxdeg=4; maxverts=1
          9 graphs : mindeg=0; minverts=3; maxdeg=4; maxverts=2
          1 graphs : mindeg=0; minverts=3; maxdeg=4; maxverts=3
          1 graphs : mindeg=0; minverts=4; maxdeg=2; maxverts=13
          1 graphs : mindeg=0; minverts=4; maxdeg=2; maxverts=17
          3 graphs : mindeg=0; minverts=4; maxdeg=3; maxverts=1
          1 graphs : mindeg=0; minverts=4; maxdeg=3; maxverts=2
          2 graphs : mindeg=0; minverts=4; maxdeg=3; maxverts=3
          1 graphs : mindeg=0; minverts=4; maxdeg=3; maxverts=4
          1 graphs : mindeg=0; minverts=4; maxdeg=4; maxverts=1
          5 graphs : mindeg=1; minverts=1; maxdeg=3; maxverts=1
         34 graphs : mindeg=1; minverts=1; maxdeg=3; maxverts=3
         59 graphs : mindeg=1; minverts=1; maxdeg=3; maxverts=5
         27 graphs : mindeg=1; minverts=1; maxdeg=3; maxverts=7
          4 graphs : mindeg=1; minverts=1; maxdeg=3; maxverts=9
        358 graphs : mindeg=1; minverts=1; maxdeg=4; maxverts=1
        468 graphs : mindeg=1; minverts=1; maxdeg=4; maxverts=2
        377 graphs : mindeg=1; minverts=1; maxdeg=4; maxverts=3
        233 graphs : mindeg=1; minverts=1; maxdeg=4; maxverts=4
        100 graphs : mindeg=1; minverts=1; maxdeg=4; maxverts=5
         38 graphs : mindeg=1; minverts=1; maxdeg=4; maxverts=6
         10 graphs : mindeg=1; minverts=1; maxdeg=4; maxverts=7
          1 graphs : mindeg=1; minverts=1; maxdeg=4; maxverts=8
          1 graphs : mindeg=1; minverts=1; maxdeg=4; maxverts=9
       1551 graphs : mindeg=1; minverts=1; maxdeg=5; maxverts=1
        582 graphs : mindeg=1; minverts=1; maxdeg=5; maxverts=2
        142 graphs : mindeg=1; minverts=1; maxdeg=5; maxverts=3
         27 graphs : mindeg=1; minverts=1; maxdeg=5; maxverts=4
          2 graphs : mindeg=1; minverts=1; maxdeg=5; maxverts=5
        595 graphs : mindeg=1; minverts=1; maxdeg=6; maxverts=1
          3 graphs : mindeg=1; minverts=2; maxdeg=2; maxverts=29
         34 graphs : mindeg=1; minverts=2; maxdeg=3; maxverts=2
         80 graphs : mindeg=1; minverts=2; maxdeg=3; maxverts=4
         46 graphs : mindeg=1; minverts=2; maxdeg=3; maxverts=6
          7 graphs : mindeg=1; minverts=2; maxdeg=3; maxverts=8
        411 graphs : mindeg=1; minverts=2; maxdeg=4; maxverts=1
        421 graphs : mindeg=1; minverts=2; maxdeg=4; maxverts=2
        279 graphs : mindeg=1; minverts=2; maxdeg=4; maxverts=3
        129 graphs : mindeg=1; minverts=2; maxdeg=4; maxverts=4
         48 graphs : mindeg=1; minverts=2; maxdeg=4; maxverts=5
          9 graphs : mindeg=1; minverts=2; maxdeg=4; maxverts=6
          2 graphs : mindeg=1; minverts=2; maxdeg=4; maxverts=7
        990 graphs : mindeg=1; minverts=2; maxdeg=5; maxverts=1
        247 graphs : mindeg=1; minverts=2; maxdeg=5; maxverts=2
         37 graphs : mindeg=1; minverts=2; maxdeg=5; maxverts=3
          3 graphs : mindeg=1; minverts=2; maxdeg=5; maxverts=4
        241 graphs : mindeg=1; minverts=2; maxdeg=6; maxverts=1
         19 graphs : mindeg=1; minverts=3; maxdeg=3; maxverts=1
         76 graphs : mindeg=1; minverts=3; maxdeg=3; maxverts=3
         60 graphs : mindeg=1; minverts=3; maxdeg=3; maxverts=5
          8 graphs : mindeg=1; minverts=3; maxdeg=3; maxverts=7
        304 graphs : mindeg=1; minverts=3; maxdeg=4; maxverts=1
        256 graphs : mindeg=1; minverts=3; maxdeg=4; maxverts=2
        130 graphs : mindeg=1; minverts=3; maxdeg=4; maxverts=3
         44 graphs : mindeg=1; minverts=3; maxdeg=4; maxverts=4
         12 graphs : mindeg=1; minverts=3; maxdeg=4; maxverts=5
          3 graphs : mindeg=1; minverts=3; maxdeg=4; maxverts=6
        425 graphs : mindeg=1; minverts=3; maxdeg=5; maxverts=1
         72 graphs : mindeg=1; minverts=3; maxdeg=5; maxverts=2
          6 graphs : mindeg=1; minverts=3; maxdeg=5; maxverts=3
         80 graphs : mindeg=1; minverts=3; maxdeg=6; maxverts=1
          5 graphs : mindeg=1; minverts=4; maxdeg=2; maxverts=25
         49 graphs : mindeg=1; minverts=4; maxdeg=3; maxverts=2
         49 graphs : mindeg=1; minverts=4; maxdeg=3; maxverts=4
          8 graphs : mindeg=1; minverts=4; maxdeg=3; maxverts=6
        166 graphs : mindeg=1; minverts=4; maxdeg=4; maxverts=1
        108 graphs : mindeg=1; minverts=4; maxdeg=4; maxverts=2
         36 graphs : mindeg=1; minverts=4; maxdeg=4; maxverts=3
         12 graphs : mindeg=1; minverts=4; maxdeg=4; maxverts=4
          2 graphs : mindeg=1; minverts=4; maxdeg=4; maxverts=5
          1 graphs : mindeg=1; minverts=4; maxdeg=4; maxverts=6
        148 graphs : mindeg=1; minverts=4; maxdeg=5; maxverts=1
         16 graphs : mindeg=1; minverts=4; maxdeg=5; maxverts=2
         25 graphs : mindeg=1; minverts=4; maxdeg=6; maxverts=1
         21 graphs : mindeg=1; minverts=5; maxdeg=3; maxverts=1
         31 graphs : mindeg=1; minverts=5; maxdeg=3; maxverts=3
          7 graphs : mindeg=1; minverts=5; maxdeg=3; maxverts=5
         73 graphs : mindeg=1; minverts=5; maxdeg=4; maxverts=1
         28 graphs : mindeg=1; minverts=5; maxdeg=4; maxverts=2
          9 graphs : mindeg=1; minverts=5; maxdeg=4; maxverts=3
          2 graphs : mindeg=1; minverts=5; maxdeg=4; maxverts=4
          1 graphs : mindeg=1; minverts=5; maxdeg=4; maxverts=5
         45 graphs : mindeg=1; minverts=5; maxdeg=5; maxverts=1
          1 graphs : mindeg=1; minverts=5; maxdeg=5; maxverts=2
          7 graphs : mindeg=1; minverts=5; maxdeg=6; maxverts=1
          5 graphs : mindeg=1; minverts=6; maxdeg=2; maxverts=21
         17 graphs : mindeg=1; minverts=6; maxdeg=3; maxverts=2
          7 graphs : mindeg=1; minverts=6; maxdeg=3; maxverts=4
         24 graphs : mindeg=1; minverts=6; maxdeg=4; maxverts=1
          9 graphs : mindeg=1; minverts=6; maxdeg=4; maxverts=2
          1 graphs : mindeg=1; minverts=6; maxdeg=4; maxverts=3
          1 graphs : mindeg=1; minverts=6; maxdeg=4; maxverts=4
         10 graphs : mindeg=1; minverts=6; maxdeg=5; maxverts=1
          3 graphs : mindeg=1; minverts=6; maxdeg=6; maxverts=1
          8 graphs : mindeg=1; minverts=7; maxdeg=3; maxverts=1
          2 graphs : mindeg=1; minverts=7; maxdeg=3; maxverts=3
          5 graphs : mindeg=1; minverts=7; maxdeg=4; maxverts=1
          2 graphs : mindeg=1; minverts=7; maxdeg=5; maxverts=1
          2 graphs : mindeg=1; minverts=8; maxdeg=2; maxverts=17
          1 graphs : mindeg=1; minverts=8; maxdeg=3; maxverts=2
          1 graphs : mindeg=1; minverts=8; maxdeg=4; maxverts=1
          1 graphs : mindeg=1; minverts=9; maxdeg=3; maxverts=1
          1 graphs : mindeg=1; minverts=10; maxdeg=2; maxverts=13
          5 graphs : mindeg=2; minverts=33; maxdeg=3; maxverts=2
         14 graphs : mindeg=2; minverts=33; maxdeg=3; maxverts=4
         19 graphs : mindeg=2; minverts=33; maxdeg=3; maxverts=6
          7 graphs : mindeg=2; minverts=33; maxdeg=3; maxverts=8
        171 graphs : mindeg=2; minverts=34; maxdeg=4; maxverts=1
        248 graphs : mindeg=2; minverts=35; maxdeg=4; maxverts=2
         93 graphs : mindeg=2; minverts=35; maxdeg=5; maxverts=1
        256 graphs : mindeg=2; minverts=36; maxdeg=4; maxverts=3
        210 graphs : mindeg=2; minverts=36; maxdeg=5; maxverts=1
         25 graphs : mindeg=2; minverts=36; maxdeg=6; maxverts=1
        169 graphs : mindeg=2; minverts=37; maxdeg=4; maxverts=4
        325 graphs : mindeg=2; minverts=37; maxdeg=5; maxverts=1
         30 graphs : mindeg=2; minverts=37; maxdeg=5; maxverts=2
         52 graphs : mindeg=2; minverts=37; maxdeg=6; maxverts=1
        103 graphs : mindeg=2; minverts=38; maxdeg=4; maxverts=5
        293 graphs : mindeg=2; minverts=38; maxdeg=5; maxverts=1
        114 graphs : mindeg=2; minverts=38; maxdeg=5; maxverts=2
         87 graphs : mindeg=2; minverts=38; maxdeg=6; maxverts=1
         40 graphs : mindeg=2; minverts=39; maxdeg=4; maxverts=6
        220 graphs : mindeg=2; minverts=39; maxdeg=5; maxverts=1
        157 graphs : mindeg=2; minverts=39; maxdeg=5; maxverts=2
         18 graphs : mindeg=2; minverts=39; maxdeg=5; maxverts=3
        115 graphs : mindeg=2; minverts=39; maxdeg=6; maxverts=1
         15 graphs : mindeg=2; minverts=40; maxdeg=4; maxverts=7
        111 graphs : mindeg=2; minverts=40; maxdeg=5; maxverts=1
        164 graphs : mindeg=2; minverts=40; maxdeg=5; maxverts=2
         37 graphs : mindeg=2; minverts=40; maxdeg=5; maxverts=3
        129 graphs : mindeg=2; minverts=40; maxdeg=6; maxverts=1
          3 graphs : mindeg=2; minverts=41; maxdeg=4; maxverts=8
         51 graphs : mindeg=2; minverts=41; maxdeg=5; maxverts=1
        111 graphs : mindeg=2; minverts=41; maxdeg=5; maxverts=2
         60 graphs : mindeg=2; minverts=41; maxdeg=5; maxverts=3
          4 graphs : mindeg=2; minverts=41; maxdeg=5; maxverts=4
        121 graphs : mindeg=2; minverts=41; maxdeg=6; maxverts=1
          1 graphs : mindeg=2; minverts=42; maxdeg=4; maxverts=9
         11 graphs : mindeg=2; minverts=42; maxdeg=5; maxverts=1
         63 graphs : mindeg=2; minverts=42; maxdeg=5; maxverts=2
         56 graphs : mindeg=2; minverts=42; maxdeg=5; maxverts=3
         15 graphs : mindeg=2; minverts=42; maxdeg=5; maxverts=4
        108 graphs : mindeg=2; minverts=42; maxdeg=6; maxverts=1
          5 graphs : mindeg=2; minverts=43; maxdeg=5; maxverts=1
         22 graphs : mindeg=2; minverts=43; maxdeg=5; maxverts=2
         40 graphs : mindeg=2; minverts=43; maxdeg=5; maxverts=3
         19 graphs : mindeg=2; minverts=43; maxdeg=5; maxverts=4
          2 graphs : mindeg=2; minverts=43; maxdeg=5; maxverts=5
         81 graphs : mindeg=2; minverts=43; maxdeg=6; maxverts=1
          6 graphs : mindeg=2; minverts=44; maxdeg=5; maxverts=2
         19 graphs : mindeg=2; minverts=44; maxdeg=5; maxverts=3
         19 graphs : mindeg=2; minverts=44; maxdeg=5; maxverts=4
          4 graphs : mindeg=2; minverts=44; maxdeg=5; maxverts=5
         67 graphs : mindeg=2; minverts=44; maxdeg=6; maxverts=1
          2 graphs : mindeg=2; minverts=45; maxdeg=5; maxverts=2
          5 graphs : mindeg=2; minverts=45; maxdeg=5; maxverts=3
          9 graphs : mindeg=2; minverts=45; maxdeg=5; maxverts=4
          6 graphs : mindeg=2; minverts=45; maxdeg=5; maxverts=5
          1 graphs : mindeg=2; minverts=45; maxdeg=5; maxverts=6
         39 graphs : mindeg=2; minverts=45; maxdeg=6; maxverts=1
          2 graphs : mindeg=2; minverts=46; maxdeg=5; maxverts=3
          5 graphs : mindeg=2; minverts=46; maxdeg=5; maxverts=4
          5 graphs : mindeg=2; minverts=46; maxdeg=5; maxverts=5
          2 graphs : mindeg=2; minverts=46; maxdeg=5; maxverts=6
         27 graphs : mindeg=2; minverts=46; maxdeg=6; maxverts=1
          1 graphs : mindeg=2; minverts=47; maxdeg=5; maxverts=4
          1 graphs : mindeg=2; minverts=47; maxdeg=5; maxverts=5
          1 graphs : mindeg=2; minverts=47; maxdeg=5; maxverts=6
         14 graphs : mindeg=2; minverts=47; maxdeg=6; maxverts=1
          1 graphs : mindeg=2; minverts=48; maxdeg=5; maxverts=4
          1 graphs : mindeg=2; minverts=48; maxdeg=5; maxverts=5
          1 graphs : mindeg=2; minverts=48; maxdeg=5; maxverts=6
         12 graphs : mindeg=2; minverts=48; maxdeg=6; maxverts=1
          2 graphs : mindeg=2; minverts=49; maxdeg=6; maxverts=1
          1 graphs : mindeg=2; minverts=50; maxdeg=5; maxverts=6
          3 graphs : mindeg=2; minverts=50; maxdeg=6; maxverts=1
          1 graphs : mindeg=2; minverts=52; maxdeg=6; maxverts=1
 18530 graphs altogether; cpu=0.03 sec
>A ./countg --d,m,D,M
