        192 graphs : diamonds=0; hexagons=0; pentagons=0
        336 graphs : diamonds=0; hexagons=1; pentagons=0
        612 graphs : diamonds=0; hexagons=2; pentagons=0
        540 graphs : diamonds=0; hexagons=3; pentagons=0
        708 graphs : diamonds=0; hexagons=4; pentagons=0
        516 graphs : diamonds=0; hexagons=5; pentagons=0
        720 graphs : diamonds=0; hexagons=6; pentagons=0
        528 graphs : diamonds=0; hexagons=7; pentagons=0
        552 graphs : diamonds=0; hexagons=8; pentagons=0
        540 graphs : diamonds=0; hexagons=9; pentagons=0
        612 graphs : diamonds=0; hexagons=10; pentagons=0
        276 graphs : diamonds=0; hexagons=11; pentagons=0
        624 graphs : diamonds=0; hexagons=12; pentagons=0
        408 graphs : diamonds=0; hexagons=13; pentagons=0
        540 graphs : diamonds=0; hexagons=14; pentagons=0
        252 graphs : diamonds=0; hexagons=15; pentagons=0
        732 graphs : diamonds=0; hexagons=16; pentagons=0
        228 graphs : diamonds=0; hexagons=17; pentagons=0
        468 graphs : diamonds=0; hexagons=18; pentagons=0
        264 graphs : diamonds=0; hexagons=19; pentagons=0
        636 graphs : diamonds=0; hexagons=20; pentagons=0
        180 graphs : diamonds=0; hexagons=21; pentagons=0
        396 graphs : diamonds=0; hexagons=22; pentagons=0
        192 graphs : diamonds=0; hexagons=23; pentagons=0
        300 graphs : diamonds=0; hexagons=24; pentagons=0
        156 graphs : diamonds=0; hexagons=25; pentagons=0
        348 graphs : diamonds=0; hexagons=26; pentagons=0
        276 graphs : diamonds=0; hexagons=27; pentagons=0
        468 graphs : diamonds=0; hexagons=28; pentagons=0
        252 graphs : diamonds=0; hexagons=29; pentagons=0
        288 graphs : diamonds=0; hexagons=30; pentagons=0
        204 graphs : diamonds=0; hexagons=31; pentagons=0
        216 graphs : diamonds=0; hexagons=32; pentagons=0
        132 graphs : diamonds=0; hexagons=33; pentagons=0
        132 graphs : diamonds=0; hexagons=34; pentagons=0
         48 graphs : diamonds=0; hexagons=35; pentagons=0
        348 graphs : diamonds=0; hexagons=36; pentagons=0
        120 graphs : diamonds=0; hexagons=37; pentagons=0
        288 graphs : diamonds=0; hexagons=38; pentagons=0
        204 graphs : diamonds=0; hexagons=39; pentagons=0
        168 graphs : diamonds=0; hexagons=40; pentagons=0
        192 graphs : diamonds=0; hexagons=41; pentagons=0
        252 graphs : diamonds=0; hexagons=42; pentagons=0
        120 graphs : diamonds=0; hexagons=43; pentagons=0
        192 graphs : diamonds=0; hexagons=44; pentagons=0
        108 graphs : diamonds=0; hexagons=45; pentagons=0
        120 graphs : diamonds=0; hexagons=46; pentagons=0
         60 graphs : diamonds=0; hexagons=47; pentagons=0
         84 graphs : diamonds=0; hexagons=48; pentagons=0
         96 graphs : diamonds=0; hexagons=49; pentagons=0
         36 graphs : diamonds=0; hexagons=50; pentagons=0
         72 graphs : diamonds=0; hexagons=51; pentagons=0
         60 graphs : diamonds=0; hexagons=52; pentagons=0
         84 graphs : diamonds=0; hexagons=53; pentagons=0
        156 graphs : diamonds=0; hexagons=54; pentagons=0
        192 graphs : diamonds=0; hexagons=55; pentagons=0
         72 graphs : diamonds=0; hexagons=56; pentagons=0
         84 graphs : diamonds=0; hexagons=57; pentagons=0
        180 graphs : diamonds=0; hexagons=58; pentagons=0
         60 graphs : diamonds=0; hexagons=59; pentagons=0
        120 graphs : diamonds=0; hexagons=60; pentagons=0
        120 graphs : diamonds=0; hexagons=61; pentagons=0
         48 graphs : diamonds=0; hexagons=62; pentagons=0
         96 graphs : diamonds=0; hexagons=63; pentagons=0
         12 graphs : diamonds=0; hexagons=64; pentagons=0
         96 graphs : diamonds=0; hexagons=65; pentagons=0
         36 graphs : diamonds=0; hexagons=66; pentagons=0
         24 graphs : diamonds=0; hexagons=67; pentagons=0
         12 graphs : diamonds=0; hexagons=68; pentagons=0
         48 graphs : diamonds=0; hexagons=69; pentagons=0
         12 graphs : diamonds=0; hexagons=70; pentagons=0
         12 graphs : diamonds=0; hexagons=71; pentagons=0
         24 graphs : diamonds=0; hexagons=72; pentagons=0
         12 graphs : diamonds=0; hexagons=73; pentagons=0
         24 graphs : diamonds=0; hexagons=74; pentagons=0
         72 graphs : diamonds=0; hexagons=75; pentagons=0
         36 graphs : diamonds=0; hexagons=76; pentagons=0
         60 graphs : diamonds=0; hexagons=77; pentagons=0
        156 graphs : diamonds=0; hexagons=78; pentagons=0
         60 graphs : diamonds=0; hexagons=79; pentagons=0
         72 graphs : diamonds=0; hexagons=80; pentagons=0
         48 graphs : diamonds=0; hexagons=81; pentagons=0
         60 graphs : diamonds=0; hexagons=82; pentagons=0
         48 graphs : diamonds=0; hexagons=83; pentagons=0
         60 graphs : diamonds=0; hexagons=84; pentagons=0
         48 graphs : diamonds=0; hexagons=85; pentagons=0
        108 graphs : diamonds=0; hexagons=86; pentagons=0
         36 graphs : diamonds=0; hexagons=87; pentagons=0
         24 graphs : diamonds=0; hexagons=88; pentagons=0
         24 graphs : diamonds=0; hexagons=89; pentagons=0
         36 graphs : diamonds=0; hexagons=90; pentagons=0
         12 graphs : diamonds=0; hexagons=92; pentagons=0
         12 graphs : diamonds=0; hexagons=96; pentagons=0
         12 graphs : diamonds=0; hexagons=97; pentagons=0
         12 graphs : diamonds=0; hexagons=100; pentagons=0
         48 graphs : diamonds=0; hexagons=104; pentagons=0
         48 graphs : diamonds=0; hexagons=105; pentagons=0
         24 graphs : diamonds=0; hexagons=106; pentagons=0
         24 graphs : diamonds=0; hexagons=107; pentagons=0
         96 graphs : diamonds=0; hexagons=108; pentagons=0
         24 graphs : diamonds=0; hexagons=109; pentagons=0
         24 graphs : diamonds=0; hexagons=110; pentagons=0
         24 graphs : diamonds=0; hexagons=113; pentagons=0
         36 graphs : diamonds=0; hexagons=114; pentagons=0
         12 graphs : diamonds=0; hexagons=115; pentagons=0
         12 graphs : diamonds=0; hexagons=116; pentagons=0
         12 graphs : diamonds=0; hexagons=117; pentagons=0
         84 graphs : diamonds=0; hexagons=118; pentagons=0
         24 graphs : diamonds=0; hexagons=119; pentagons=0
         12 graphs : diamonds=0; hexagons=121; pentagons=0
         12 graphs : diamonds=0; hexagons=122; pentagons=0
         24 graphs : diamonds=0; hexagons=130; pentagons=0
         12 graphs : diamonds=0; hexagons=136; pentagons=0
         12 graphs : diamonds=0; hexagons=138; pentagons=0
         36 graphs : diamonds=0; hexagons=140; pentagons=0
         24 graphs : diamonds=0; hexagons=141; pentagons=0
         12 graphs : diamonds=0; hexagons=142; pentagons=0
         24 graphs : diamonds=0; hexagons=144; pentagons=0
         24 graphs : diamonds=0; hexagons=145; pentagons=0
         24 graphs : diamonds=0; hexagons=146; pentagons=0
         12 graphs : diamonds=0; hexagons=148; pentagons=0
         12 graphs : diamonds=0; hexagons=149; pentagons=0
         24 graphs : diamonds=0; hexagons=151; pentagons=0
         12 graphs : diamonds=0; hexagons=152; pentagons=0
         36 graphs : diamonds=0; hexagons=154; pentagons=0
         12 graphs : diamonds=0; hexagons=156; pentagons=0
         24 graphs : diamonds=0; hexagons=157; pentagons=0
         12 graphs : diamonds=0; hexagons=158; pentagons=0
         12 graphs : diamonds=0; hexagons=161; pentagons=0
         12 graphs : diamonds=0; hexagons=169; pentagons=0
         12 graphs : diamonds=0; hexagons=190; pentagons=0
         12 graphs : diamonds=0; hexagons=193; pentagons=0
         12 graphs : diamonds=0; hexagons=196; pentagons=0
         12 graphs : diamonds=0; hexagons=197; pentagons=0
         12 graphs : diamonds=0; hexagons=202; pentagons=0
         12 graphs : diamonds=0; hexagons=203; pentagons=0
         12 graphs : diamonds=0; hexagons=209; pentagons=0
         12 graphs : diamonds=0; hexagons=217; pentagons=0
         12 graphs : diamonds=0; hexagons=256; pentagons=0
         12 graphs : diamonds=0; hexagons=265; pentagons=0
         12 graphs : diamonds=0; hexagons=337; pentagons=0
         12 graphs : diamonds=0; hexagons=680; pentagons=0
 19932 graphs altogether; cpu=0.02 sec
>A ./countg --WW,HH,P
