F?IQW
F?QPW
E?hW
F?IQW
F?QPW
FCAaW
FOAQW
F?IQW
F?QPW
F?IQW
F?QPW
FCIIg
FAaPW
FC`PW
F?APW
F?APW
FKAaW
FOQRG
FWAQW
F?aag
FOAIg
F?APW
F?APW
F?qag
FAaaW
FOQIg
F?AQW
F?AQW
E?hW
E?hW
F?IQW
F?QPW
F?IQW
F?QPW
E?hW
E?hW
F?AaW
FAAPW
FC@PW
F?qag
FAaaW
FOQIg
F?Iag
FO@PW
FAiQW
FCYIg
FAqPW
FCpPW
F?Qag
FAAaW
F?Qag
FAAaW
F?AQW
F?AQW
F?QRG
FGAQW
FAAQW
F?aQW
F?AQW
FKAaW
FOQRG
FWAQW
FAAPW
FC@PW
EKhW
EQdg
EKhW
EQdg
EKhW
EQdg
E?ow
F@YIg
FAYHg
F@pPW
FAhHg
FGaaW
FOQJG
EKhW
EQdg
EKhW
EQdg
FCQag
FEAaW
FQAQW
F?IQW
F?QPW
E?hW
F@YIg
FAYHg
F@pPW
FAhHg
E@hW
FCAIg
FAaRG
FEAJG
FKAIg
FAAPW
FC@PW
FKaag
FQaRG
FUAJG
F[AIg
FCAaW
FOAQW
E?hW
F@YIg
FAYHg
F@pPW
FAhHg
FAaQW
FCQIg
EKhW
EQdg
EKhW
EQdg
FAAPW
FC@PW
FAAPW
FC@PW
FKAaW
FOQRG
FWAQW
FKAaW
FOQRG
FWAQW
F?IQW
F?QPW
EOdg
FAAQW
F?APW
F?QRG
FGAQW
EKhW
EQdg
FAaQW
FCQIg
EKhW
EQdg
EKhW
EQdg
E?hW
F?AQW
FCQag
FEAaW
FQAQW
F?qag
FAaaW
FOQIg
E?hW
FAAPW
FC@PW
F?IQW
F?QPW
EKhW
EQdg
EKhW
EQdg
F?AQW
F?AQW
EKhW
EQdg
F?AQW
F?AQW
F?APW
F?APW
EKhW
EQdg
F?AaW
F?AaW
FAiQW
FCYIg
FAqPW
FCpPW
F?A_w
F?A_w
FAAPW
FC@PW
F?qag
FAaaW
FOQIg
FCAaW
FOAQW
FCAaW
FOAQW
EKhW
EQdg
F?Iag
FO@PW
F?Iag
FO@PW
FAiQW
FCYIg
FAqPW
FCpPW
FKaaW
FOqRG
FWaQW
FSQJG
F?IIg
F?`PW
F?IIg
F?`PW
F?Qag
FAAaW
F@aPW
FCIHg
EKhW
EQdg
E?hW
FAaQW
FCQIg
FAiQW
FCYIg
FAqPW
FCpPW
FAAPW
FC@PW
FKaag
FQaRG
FUAJG
F[AIg
FCAaW
FOAQW
E?dg
FCB@W
F_APW
EKhW
EQdg
E?hW
FAaQW
FCQIg
E?hW
E?hW
E?dg
F?IQW
F?QPW
F?IQW
F?QPW
F@AIg
FAAHg
F@AIg
FAAHg
FAaQW
FCQIg
FKAaW
FOQRG
FWAQW
FKqag
FMaaW
FQqRG
FYaQW
FUQJG
F[QIg
FCqag
FEaaW
FQaQW
FSQIg
EKhW
EQdg
F?AQW
F?APW
E?hW
F?aPW
EOdg
F?iQW
F?qPW
FAiQW
FCYIg
FAqPW
FCpPW
F?EPW
FCIIg
FAaPW
FC`PW
FBaQW
FDQIg
FEQHg
FE`Hg
FAAPW
FC@PW
FKaag
FQaRG
FUAJG
F[AIg
FCAaW
FOAQW
FAaQW
FCQIg
FOEPW
FCI_w
EKhW
EQdg
FCIIg
FAaPW
FC`PW
FCIIg
FAaPW
FC`PW
FCIIg
FAaPW
FC`PW
EKhW
EQdg
FAAPW
FC@PW
FAAPW
FC@PW
FKAaW
FOQRG
FWAQW
F?UJG
F?p_w
FDAIg
FEAHg
FKaaW
FOqRG
FWaQW
FSQJG
F?b@g
F_AHg
F?QRG
FGAQW
FBiQW
FDYIg
FBqPW
FEYHg
FDpPW
FEhHg
F?ERG
FC@_w
E?ow
FAiQW
FCYIg
FAqPW
FCpPW
EKhW
EQdg
EKhW
EQdg
E?ow
FAaQW
FCQIg
FAaQW
FCQIg
FKqag
FMaaW
FQqRG
FYaQW
FUQJG
F[QIg
EKhW
EQdg
F?AQW
F?AQW
F?IQW
F?QPW
F?IQW
F?QPW
FBiQW
FDYIg
FBqPW
FEYHg
FDpPW
FEhHg
FAaQW
FCQIg
EKhW
EQdg
FAiQW
FCYIg
FAqPW
FCpPW
F?B@W
F?B@W
F?F@W
F?J?w
F?F@W
F?J?w
FBiQW
FDYIg
FBqPW
FEYHg
FDpPW
FEhHg
FAaQW
FCQIg
FAAPW
FC@PW
FCqag
FEaaW
FQaQW
FSQIg
F?aRG
FCAJG
FCB@W
F_APW
FCB@W
F_APW
EKhW
EQdg
FKqag
FMaaW
FQqRG
FYaQW
FUQJG
F[QIg
FOB?w
F_A_w
FOB?w
F_A_w
EKhW
EQdg
EKhW
EQdg
FAAPW
FC@PW
FAAPW
FC@PW
F?qag
FAaaW
FOQIg
F?QHg
F?`Hg
F?QHg
F?`Hg
FCAaW
FOAQW
FAaQW
FCQIg
F?AHg
F?AHg
F?IHg
FCAaW
FOAQW
FCaaW
FOaQW
EKhW
EQdg
FCAaW
FOAQW
FCAaW
FOAQW
F?AQW
F?AQW
F?AQW
F?APW
F?APW
F?APW
EKhW
EQdg
FBiQW
FDYIg
FBqPW
FEYHg
FDpPW
FEhHg
FAAPW
FC@PW
FAAPW
FC@PW
F?IQW
F?QPW
FKaag
FQaRG
FUAJG
F[AIg
F?qag
FAaaW
FOQIg
EKhW
EQdg
FA@Hg
F?PPW
F?@PW
FKAaW
FOQRG
FWAQW
FCQag
FEAaW
FQAQW
FBiQW
FDYIg
FBqPW
FEYHg
FDpPW
FEhHg
F?AQW
F?AQW
F?APW
F?APW
E?hW
FBiQW
FDYIg
FBqPW
FEYHg
FDpPW
FEhHg
F?AaW
F?AaW
F?A_w
F?A_w
E?ow
F?a_w
F?a_w
FBaQW
FDQIg
FEQHg
FE`Hg
FAiQW
FCYIg
FAqPW
FCpPW
F?aag
FOAIg
F?aag
FOAIg
F?aag
FOAIg
FBiQW
FDYIg
FBqPW
FEYHg
FDpPW
FEhHg
F?aag
FOAIg
F?aag
FOAIg
FBiQW
FDYIg
FBqPW
FEYHg
FDpPW
FEhHg
FBiQW
FDYIg
FBqPW
FEYHg
FDpPW
FEhHg
FBiQW
FDYIg
FBqPW
FEYHg
FDpPW
FEhHg
FBiQW
FDYIg
FBqPW
FEYHg
FDpPW
FEhHg
F?AQW
F?AQW
F?AQW
F?IQW
F?QPW
F?IQW
F?QPW
F?IQW
F?QPW
FBiQW
FDYIg
FBqPW
FEYHg
FDpPW
FEhHg
FCB@W
F_APW
FCB@W
F_APW
FCB@W
F_APW
FBiQW
FDYIg
FBqPW
FEYHg
FDpPW
FEhHg
FBiQW
FDYIg
FBqPW
FEYHg
FDpPW
FEhHg
F?AQW
F?AQW
F?AQW
F?AQW
E?hW
E?hW
E?hW
E?hW
E?hW
F?@PW
E?hW
F?APW
F?@PW
F?AQW
F?APW
F?@PW
F?AQW
E?hW
F?AQW
E?hW
F?AQW
F?AQW
F?AQW
FCAIg
EChW
F?AQW
EChW
E?hW
F?aPW
EOdg
EChW
F?AQW
EGhW
EChW
F?AQW
F?PPW
F?IaW
FDAaW
FPAQW
FS@Hg
FCQag
FEAaW
FQAQW
F?AQW
E?hW
FCAaW
FOAQW
F?Iag
FO@PW
EOdg
F?aPW
F?AQW
EGhW
F?aPW
F?AQW
F?AQW
FCAaW
FOAQW
E?hW
F?IIg
F?`PW
F?APW
F?Eag
FAA_w
FCAaW
FOAQW
F?Iag
FO@PW
F?@PW
F?aag
FOAIg
F?aag
FOAIg
E?hW
F?AQW
FOAJG
EChW
F?AQW
FCIag
FQAPW
FS@PW
F?iag
FOIIg
FO`PW
E?hW
F?AaW
F?Qag
FAAaW
E?hW
F?AaW
E?hW
FDAaW
FPAQW
FS@Hg
E`hW
EQow
F?aPW
F?aQW
EEow
F?IIg
F?`PW
FDaaW
FPaQW
FSQHg
FS`Hg
EOow
F?PPW
F?QHg
F?`Hg
EDhW
EDhW
Eodg
Eodg
F?AQW
EDhW
F?TPW
EDhW
EDhW
FDQag
FFAaW
FRAQW
FU@Hg
EDhW
FDAaW
FPAQW
FS@Hg
EchW
EchW
F?AQW
EDhW
F?TPW
F_IaW
FOR@W
F?aPW
F?aQW
F?APW
F?DPW
F?aQW
F?@PW
F?@PW
F?aRG
FCAJG
F?TPW
F?eQW
FWB@W
FDaaW
FPaQW
FSQHg
FS`Hg
F?IIg
F?`PW
F?TPW
F?eQW
FDAaW
FPAQW
FS@Hg
F?TPW
F?yag
FAiaW
FOYIg
FOpPW
F?AQW
EChW
F@@PW
F?EPW
F?aQW
F?aQW
E?hW
F?AQW
FCAaW
FOAQW
F?aaW
E?hW
F?YIg
F?pPW
F?Eag
FAA_w
F?APW
F?aag
FOAIg
E?hW
F?AQW
F?AQW
FCaaW
FOaQW
FCAaW
FOAQW
E?hW
F?AQW
F?iQW
F?qPW
F?aRG
FCAJG
F?aRG
FCAJG
E?hW
F?AQW
ECow
F@APW
EChW
F?DPW
F?aPW
FCMag
FQEPW
FEI_w
FSDPW
F@AQW
FC@Hg
E?dg
F@DPW
FAEQW
F?Eag
FAA_w
FDAaW
FPAQW
FS@Hg
F?AQW
F?AQW
F_aQW
FCAaW
FOAQW
EchW
EDhW
F?AQW
F?eQW
E?hW
F?AQW
ECow
F?aaW
F?b@W
F?aaW
F?b@g
F_AHg
F?AQW
EEow
F?iag
FOIIg
FO`PW
F@AIg
FAAHg
F?qag
FAaaW
FOQIg
FcAIg
EKhW
EQdg
F?Iag
FO@PW
FA@Hg
F?qag
FAaaW
FOQIg
F?aag
FOAIg
EKhW
EQdg
F@Qag
FBAaW
FQ@Hg
F?HHg
FCAIg
F?qag
FAaaW
FOQIg
F@Iag
FP@PW
F?@Hg
FCAIg
F?aag
FOAIg
E?hW
E@hW
EChW
F?AQW
EChW
E?hW
E?hW
F?aag
FOAIg
EDhW
F?TPW
E?hW
E@hW
F?aaW
E?hW
E?hW
E?hW
F?AQW
E_hW
EChW
F?IIg
F?`PW
E?hW
E?hW
F?Qag
FAAaW
EDhW
F?TPW
E?hW
EDhW
F?yag
FAiaW
FOYIg
FOpPW
E?hW
F?AQW
F_Qag
FaAaW
FCaaW
FOaQW
E?dg
F?IIg
F?`PW
E`hW
EQow
F?aag
FOAIg
F?aag
FOAIg
F?Qag
FAAaW
F?aRG
FCAJG
EKhW
EQdg
F?Qag
FAAaW
F?Qag
FAAaW
F?Qag
FAAaW
F?Qag
FAAaW
EDhW
F?ePW
F?AQW
EDhW
F?TPW
EOow
ECow
F?iQW
F?qPW
F?YIg
F?pPW
ESow
ESow
F?ePW
F?iaW
E`hW
EQow
EChW
F?aPW
FAaQW
FCQIg
ECow
E?hW
F?IQW
F?QPW
F?qag
FAaaW
FOQIg
EOow
E@hW
F?aPW
F@QIg
FAQHg
FA`Hg
EEow
EDhW
F?IQW
F?QPW
FDqag
FFaaW
FRaQW
FTQIg
FUQHg
FU`Hg
E`hW
EQow
F?aag
FOAIg
EEow
F?AQW
FcAIg
E?hW
E@hW
F?APW
FCaag
FSAIg
E?hW
E?hW
F?AQW
EchW
EchW
EDhW
E?hW
F?ePW
ESow
ESow
E?hW
F?Uag
FAEaW
FAQ_w
F?iag
FOIIg
FO`PW
E`hW
EQow
EChW
E?hW
F?aag
FOAIg
FGaag
FQAJG
FWAIg
FC]ag
FEMaW
FQMQW
FQUPW
FEY_w
FSTPW
F@EPW
FCEIg
E@hW
EChW
E@hW
F@APW
FCAHg
Eodg
Eodg
EDhW
EDhW
F?AQW
E?hW
EDhW
EDhW
EDhW
F?TPW
EChW
FDQag
FFAaW
FRAQW
FU@Hg
EDhW
EDhW
F?yag
FAiaW
FOYIg
FOpPW
FDUag
FFEaW
FREQW
FFQ_w
FUDHg
FDUag
FFEaW
FREQW
FFQ_w
FUDHg
F?Uag
FAEaW
FAQ_w
FDEag
FFA_w
FDEag
FFA_w
FEB@W
FaAPW
Fc@PW
E@hW
E?hW
E?hW
F?Qag
FAAaW
F?Qag
FAAaW
F?AQW
F?AQW
EchW
EchW
EDhW
F?AQW
F?ePW
E?hW
EDhW
EDhW
F?ePW
F?TPW
EghW
FDaag
FTAIg
FUAHg
F?iag
FOIIg
FO`PW
FDQag
FFAaW
FRAQW
FU@Hg
F?YRG
FGIQW
FGQPW
EKhW
EQdg
FDQag
FFAaW
FRAQW
FU@Hg
F?yag
FAiaW
FOYIg
FOpPW
FDQag
FFAaW
FRAQW
FU@Hg
F?yag
FAiaW
FOYIg
FOpPW
FOB@W
EChW
F?iQW
F?qPW
F?YIg
F?pPW
FOb@W
ESow
F?ePW
F?iaW
F_IaW
FOR@W
EChW
F?aPW
FAaQW
FCQIg
FOB?w
F_A_w
F?]Ig
F?tPW
F?]Ig
F?tPW
F?TPW
F?eQW
FOF@W
FOJ?w
F_I_w
EDhW
F?aQW
F?UIg
FAyRG
FIiQW
FEYJG
FKYIg
FIqPW
FKpPW
FOF@W
FOJ?w
F_I_w
F?aPW
F?MIg
F?dPW
FAiQW
FCYIg
FAqPW
FCpPW
EDhW
F?IQW
F?QPW
F?TPW
FCyag
FEiaW
FQiQW
FSYIg
FQqPW
FSpPW
EOow
F?EPW
F?DPW
FCIIg
FAaPW
FC`PW
F_MaW
FOV@W
FOZ?w
F_Y_w
F?EIg
FCaaW
FOaQW
EDhW
F?AQW
F_aQW
E?hW
F?APW
F?DPW
FCaaW
FOaQW
E`hW
EQow
FCAaW
FOAQW
FSb@W
FoaPW
FSb@W
FoaPW
F?ePW
E?hW
F?iaW
E?hW
F?APW
F?Eag
FAA_w
FCAaW
FOAQW
F?AQW
F?f@W
F?j?w
F?IIg
F?`PW
F?IIg
F?`PW
FCqag
FEaaW
FQaQW
FSQIg
E`hW
EQow
F?PPW
F?PPW
FAaQW
FCQIg
F?v@W
F?z?w
F?AIg
F?AIg
FoaRG
FsAJG
E`hW
EQow
F?aRG
FCAJG
E@hW
F?@PW
F?@PW
FOaRG
FSAJG
E?hW
F?AQW
FCB@W
F_APW
EchW
EchW
F?]Ig
F?tPW
E?hW
F?]Ig
F?tPW
EchW
EchW
F?TPW
E?hW
F?eQW
FCf@W
F_ePW
FCj?w
ESow
F?IIg
F?`PW
F?iag
FOIIg
FO`PW
FCiag
FSIIg
FQaPW
FS`PW
F_MQW
FCV@W
F_UPW
FCZ?w
EChW
F?IIg
F?`PW
F?aag
FOAIg
FKaag
FQaRG
FUAJG
F[AIg
E`hW
EQow
E?hW
F?PPW
F?Qag
FAAaW
FAaRG
FEAJG
FKAIg
E`hW
EQow
E@hW
F?@PW
F?Iag
FO@PW
FKAaW
FOQRG
FWAQW
EchW
EchW
F?TPW
F?AQW
F?eQW
E?hW
EDhW
F?TPW
F?ePW
F?eQW
EChW
FDQag
FFAaW
FRAQW
FU@Hg
F?TPW
F?ePW
F?yag
FAiaW
FOYIg
FOpPW
FgAaW
FDqag
FFaaW
FRaQW
FTQIg
FUQHg
FU`Hg
EDhW
F?IIg
F?`PW
E?ow
EDhW
EDhW
F?TPW
F?eQW
FgEaW
FWR?w
FgQ_w
FoP_w
FDaag
FTAIg
FUAHg
EDhW
F?UIg
F?yRG
FGiQW
FCYJG
FGqPW
ECow
FDQag
FFAaW
FRAQW
FU@Hg
EDhW
F?TPW
F?yag
FAiaW
FOYIg
FOpPW
FDEag
FFA_w
FDEag
FFA_w
F?r@g
F_QHg
F_`Hg
F?AQW
F_AaW
F?aQW
F?iQW
F?qPW
F?YIg
F?pPW
FOB?w
F_A_w
F?]Ig
F?tPW
F?]Ig
F?tPW
F_EaW
FOR?w
F_Q_w
F?eQW
F?aQW
F?UIg
FAyRG
FIiQW
FEYJG
FKYIg
FIqPW
FKpPW
F_MaW
FOV@W
FOZ?w
F_Y_w
F?EIg
FCaaW
FOaQW
F?mQW
F?uPW
F?AQW
F?AQW
FcaaW
FoaQW
F?APW
F?APW
F?DPW
FCaaW
FOaQW
E`hW
EQow
FCAaW
FOAQW
E?hW
F?AQW
F?APW
F?APW
F?Eag
FAA_w
FCAaW
FOAQW
E?hW
F?AQW
F_aQW
FCAaW
FOAQW
EchW
F?mQW
F?uPW
E?hW
F?mQW
F?uPW
F_IQW
FCR@W
F_QPW
FCIaW
FOIQW
FOQPW
F?iQW
F?qPW
F?YIg
F?pPW
E?hW
FBiQW
FDYIg
FBqPW
FEYHg
FDpPW
FEhHg
F_MQW
FCV@W
F_UPW
FCZ?w
F?aPW
F?IIg
F?`PW
F?aag
FOAIg
FKaag
FQaRG
FUAJG
F[AIg
E`hW
EQow
F?EPW
F?@PW
F?Iag
FO@PW
FKAaW
FOQRG
FWAQW
F_aQW
FCAaW
FOAQW
EchW
F?mQW
F?uPW
F?AQW
F?mQW
F?uPW
E?hW
F?ePW
F?TPW
F?iaW
F?eQW
E?hW
F?AQW
F?AQW
F?AQW
FCEaW
FOEQW
FCQ_w
F?aPW
F?qag
FAaaW
FOQIg
FCMaW
FOMQW
FOUPW
FCY_w
F?AQW
E?hW
F?APW
E`hW
EQow
FCaag
FSAIg
E?hW
EChW
F?IQW
F?QPW
FCQag
FEAaW
FQAQW
EChW
EKhW
EQdg
EChW
FAIQW
FAQPW
FCPPW
F?aaW
E?dg
F?aQW
F?iaW
F_aaW
F?iag
FOIIg
FO`PW
E?dg
E?hW
F?iag
FOIIg
FO`PW
E?hW
E?dg
E?hW
E?dg
FCAaW
FOAQW
F?aaW
F?AIg
F?aQW
F?maW
F?y_w
F@AIg
FAAHg
Fcaag
FsAIg
F?APW
FCaag
FSAIg
F?AQW
F?aQW
F?IQW
F?QPW
FCIag
FQAPW
FS@PW
F?IQW
F?QPW
F?iQW
F?qPW
F?aQW
F@YIg
FAYHg
F@pPW
FAhHg
F?qag
FAaaW
FOQIg
FCAIg
EKhW
EQdg
FAIQW
FAQPW
FCPPW
F?aQW
F?aag
FOAIg
FAAQW
EKhW
EQdg
FAIQW
FAQPW
FCPPW
F?IQW
F?QPW
F?iag
FOIIg
FO`PW
FAAPW
FC@PW
E?hW
F?mQW
F?uPW
FAIQW
FAQPW
FCPPW
F?mQW
F?uPW
F?iag
FOIIg
FO`PW
FAIQW
FAQPW
FCPPW
EOdg
F?eQW
FAIQW
FAQPW
FCPPW
F?yag
FAiaW
FOYIg
FOpPW
F?iRG
FCIJG
FGaPW
F?Iag
FO@PW
E?hW
FAiQW
FCYIg
FAqPW
FCpPW
F?IQW
F?QPW
F?iQW
F?qPW
FOaRG
FSAJG
F?AaW
EChW
F?IQW
F?QPW
FKAaW
FOQRG
FWAQW
F?aaW
EKhW
EQdg
EChW
FAIQW
FAQPW
FCPPW
FOERG
FKA_w
FS@_w
F?EaW
F?Q_w
EChW
F?iQW
F?qPW
F@YIg
FAYHg
F@pPW
FAhHg
FGaag
FQAJG
FWAIg
FCAaW
FOAQW
EKhW
EQdg
EChW
F?IQW
F?QPW
FGaaW
FOQJG
F?aag
FOAIg
EKhW
EQdg
EChW
F?aQW
FOAJG
F?Qag
FAAaW
EKhW
EQdg
EChW
F?IQW
F?QPW
FOIJG
F?Iag
FO@PW
FCyag
FEiaW
FQiQW
FSYIg
FQqPW
FSpPW
F?eQW
F?eag
FOEIg
FAa_w
EGhW
EChW
F@PPW
FAHHg
F?aQW
E?hW
EHhW
FCIag
FQAPW
FS@PW
F@DPW
F?iag
FOIIg
FO`PW
FKaag
FQaRG
FUAJG
F[AIg
FCAaW
FOAQW
EKhW
EQdg
EChW
F?aQW
F?IQW
F?QPW
FOaRG
FSAJG
F?Qag
FAAaW
EKhW
EQdg
EChW
F?IQW
F?QPW
F?IQW
F?QPW
FKAaW
FOQRG
FWAQW
F?qag
FAaaW
FOQIg
EKhW
EQdg
EKhW
EQdg
EChW
F?IQW
F?QPW
FAIQW
FAQPW
FCPPW
FOiRG
FSIJG
FWaPW
F?Iag
FO@PW
EchW
FCyag
FEiaW
FQiQW
FSYIg
FQqPW
FSpPW
F?IQW
F?QPW
F?eQW
FCMaW
FOMQW
FOUPW
FCY_w
EAdg
F?aQW
FCQag
FEAaW
FQAQW
FKaag
FQaRG
FUAJG
F[AIg
E@hW
EAdg
F?IQW
F?QPW
FCIag
FQAPW
FS@PW
FCQag
FEAaW
FQAQW
FGIaW
F@DPW
FCAIg
F?QRG
FGAQW
EKhW
EQdg
F?aQW
F?IQW
F?QPW
E?hW
F?AQW
F?Qag
FAAaW
FCqag
FEaaW
FQaQW
FSQIg
FAqRG
FIaQW
FEQJG
FKQIg
F?aQW
F?aQW
F@PPW
FAHHg
E`hW
EQow
ECow
F?EQW
F@QIg
FAQHg
FA`Hg
F?qag
FAaaW
FOQIg
F?EQW
E@hW
F@PPW
FAHHg
FAaQW
FCQIg
EEow
F@AIg
FAAHg
FcAIg
F?MQW
F?UPW
E@hW
FA@Hg
FCaag
FSAIg
F?AQW
F?aQW
EChW
E?hW
F@PPW
FAHHg
ECow
FAQJG
FGQIg
F?aQW
FCEIg
EDhW
FGPPW
FCEIg
FDEag
FFA_w
FDEag
FFA_w
FOB?w
F_A_w
F@PPW
FAHHg
FDEaW
FPEQW
FDQ_w
FSDHg
FEB?w
FOERG
FKA_w
FS@_w
F?iaW
F?eQW
E?dg
F?iaW
F?yag
FAiaW
FOYIg
FOpPW
F?APW
E@dg
F_AaW
F?Eag
FAA_w
F@PPW
FAHHg
F@PPW
FAHHg
E`hW
EQow
F?AQW
F?AQW
F?AQW
F?AQW
F?IQW
F?QPW
F?IQW
F?QPW
FCAIg
FCAIg
EKhW
EQdg
F@PPW
FAHHg
F?IQW
F?QPW
FAAPW
FC@PW
FAAPW
FC@PW
F?mQW
F?uPW
F@PPW
FAHHg
F?mQW
F?uPW
F@PPW
FAHHg
F?AaW
F?AaW
F?IQW
F?QPW
F?IaW
F?IaW
F@PPW
FAHHg
FAaQW
FCQIg
EDhW
F@AIg
FAAHg
F_aQW
F?MaW
F?Y_w
FA@Hg
F?EQW
FCaaW
FOaQW
F?AIg
F?aag
FOAIg
F?aag
FOAIg
EKhW
EQdg
F?IQW
F?QPW
F?IQW
F?QPW
F?Qag
FAAaW
F?Qag
FAAaW
EKhW
EQdg
F?IQW
F?QPW
F?IQW
F?QPW
EChW
F?Iag
FO@PW
F?Iag
FO@PW
F@YIg
FAYHg
F@pPW
FAhHg
F?IQW
F?QPW
F?iQW
F?qPW
F?iag
FOIIg
FO`PW
F?iag
FOIIg
FO`PW
ELhW
ERdg
F@TPW
FALHg
F?IQW
F?QPW
FAeQW
FCUIg
FCeaW
FOeQW
FCq_w
FCeag
FSEIg
FEa_w
E?hW
FADHg
FOaPW
E@hW
EChW
F?Iag
FO@PW
F@@PW
F?aag
FOAIg
E`hW
EQow
F?aag
FOAIg
F?aag
FOAIg
F?aRG
FCAJG
EchW
E?hW
EchW
E?hW
F?iag
FOIIg
FO`PW
E?hW
F?iag
FOIIg
FO`PW
E@hW
E@hW
E?hW
F?Qag
FAAaW
F?Qag
FAAaW
FKAaW
FOQRG
FWAQW
FCeag
FSEIg
FEa_w
FCeag
FSEIg
FEa_w
E?hW
FKiag
FQiRG
FUIJG
F[IIg
FYaPW
F[`PW
F?Uag
FAEaW
FAQ_w
FCMag
FQEPW
FEI_w
FSDPW
EChW
F?yag
FAiaW
FOYIg
FOpPW
FKaag
FQaRG
FUAJG
F[AIg
FDQag
FFAaW
FRAQW
FU@Hg
FOAJG
FOAJG
EKhW
EQdg
EKhW
EQdg
F?IQW
F?QPW
FKqag
FMaaW
FQqRG
FYaQW
FUQJG
F[QIg
F?IQW
F?QPW
FGA_w
FO@_w
FGA_w
FO@_w
EKhW
EQdg
F?mQW
F?uPW
F?mQW
F?uPW
EKhW
EQdg
FGI_w
FOH_w
FKaag
FQaRG
FUAJG
F[AIg
F?eQW
F?yag
FAiaW
FOYIg
FOpPW
FKIag
FQIRG
FYAPW
F[@PW
F?r@g
F_QHg
F_`Hg
FKAaW
FOQRG
FWAQW
FKAaW
FOQRG
FWAQW
EKhW
EQdg
EKhW
EQdg
EKhW
EQdg
F?IQW
F?QPW
F?IQW
F?QPW
EKhW
EQdg
F?IQW
F?QPW
F?IQW
F?QPW
FCaaW
FOaQW
F?AQW
F?AQW
F?IQW
F?QPW
F?iQW
F?qPW
FOaPW
F?APW
F?APW
EchW
F?mQW
F?uPW
F?IQW
F?QPW
F?mQW
F?uPW
FCIaW
FOIQW
FOQPW
F?IQW
F?QPW
F?IQW
F?QPW
F?iQW
F?qPW
F?IQW
F?QPW
FBiQW
FDYIg
FBqPW
FEYHg
FDpPW
FEhHg
F?IQW
F?QPW
F?IQW
F?QPW
E_hW
F?MQW
F?UPW
F?IQW
F?QPW
FAiQW
FCYIg
FAqPW
FCpPW
F?aag
FOAIg
FCAIg
FCAIg
EKhW
EQdg
F@YIg
FAYHg
F@pPW
FAhHg
F?IQW
F?QPW
F?iag
FOIIg
FO`PW
FAAPW
FC@PW
FAAPW
FC@PW
F?mQW
F?uPW
F@YIg
FAYHg
F@pPW
FAhHg
F?mQW
F?uPW
FAIQW
FAQPW
FCPPW
FAIQW
FAQPW
FCPPW
F@PPW
FAHHg
F?MQW
F?UPW
FAaQW
FCQIg
FAiQW
FCYIg
FAqPW
FCpPW
FCAIg
F?aag
FOAIg
F?aag
FOAIg
EKhW
EQdg
F?iQW
F?qPW
F?IQW
F?QPW
FCIIg
FAaPW
FC`PW
F?Iag
FO@PW
F?Iag
FO@PW
F@YIg
FAYHg
F@pPW
FAhHg
F?iQW
F?qPW
F?iQW
F?qPW
F?aRG
FCAJG
F?aRG
FCAJG
F?aRG
FCAJG
EKhW
EQdg
F?IQW
F?QPW
F?IQW
F?QPW
E?dg
F?YRG
FGIQW
FGQPW
F?YRG
FGIQW
FGQPW
FBMQW
FBUPW
FDTPW
FELHg
FBMQW
FBUPW
FDTPW
FELHg
F?IQW
F?QPW
FAeQW
FCUIg
FOIJG
F?IRG
FGAPW
FCyag
FEiaW
FQiQW
FSYIg
FQqPW
FSpPW
F?eQW
FGeaW
FOUJG
FGq_w
FOp_w
F?URG
FGEQW
FCP_w
FAaQW
FCQIg
EChW
F@QIg
FAQHg
FA`Hg
FCqag
FEaaW
FQaQW
FSQIg
F?URG
FGEQW
FCP_w
E@hW
FAIQW
FAQPW
FCPPW
EChW
F@PPW
FAHHg
FAaQW
FCQIg
FGmaW
FO]JG
FGy_w
FOx_w
E?dg
FCEIg
FCmag
FSMIg
FQePW
FEi_w
FSdPW
F@AIg
FAAHg
Fdaag
FtAIg
FUb@g
FuAHg
F?]RG
FGMQW
FGUPW
FCX_w
FAEQW
FC]ag
FEMaW
FQMQW
FQUPW
FEY_w
FSTPW
FA@Hg
FDaag
FTAIg
FUAHg
E?dg
FCMag
FQEPW
FEI_w
FSDPW
F@AQW
FC@Hg
F?AJG
F?AJG
F?IQW
F?QPW
F?QJG
F?QJG
F@PPW
FAHHg
FAaQW
FCQIg
E@hW
F@EIg
FAEHg
FOAHg
F?]JG
F?x_w
FADHg
FCEIg
F?AQW
FSb@g
FsAHg
F?aRG
FCAJG
F?aRG
FCAJG
EKhW
EQdg
F?IQW
F?QPW
F?IQW
F?QPW
FOaRG
FSAJG
F?aRG
FCAJG
F?aRG
FCAJG
EKhW
EQdg
F?iQW
F?qPW
F?IQW
F?QPW
F?IQW
F?QPW
F?IQW
F?QPW
EKhW
EQdg
F?IQW
F?QPW
F_aaW
E?hW
EchW
EDhW
F?eQW
F_IaW
FOR@W
E?hW
E?hW
EChW
EChW
FCIIg
FAaPW
FC`PW
F_iaW
FOr@W
EdhW
EUow
FaaQW
FcQIg
FOb?w
F_a_w
F@YIg
FAYHg
F@pPW
FAhHg
F?iQW
F?qPW
FOB?w
F_A_w
ELhW
ERdg
F@]Ig
FA]Hg
F@tPW
FAlHg
F@]Ig
FA]Hg
F@tPW
FAlHg
EKhW
EQdg
F?IQW
F?QPW
F_aaW
F?AQW
EchW
EDhW
F?eQW
FOb@W
F?APW
E?hW
ESow
F?mQW
F?uPW
F?mQW
F?uPW
FOB@W
F?aPW
EChW
EKhW
EQdg
F?iQW
F?qPW
F@YIg
FAYHg
F@pPW
FAhHg
FOb@W
F?aPW
ESow
EOdg
F?eQW
F?yag
FAiaW
FOYIg
FOpPW
F_IaW
FOR@W
F?IQW
F?QPW
E?hW
EChW
F?iQW
F?qPW
FAiQW
FCYIg
FAqPW
FCpPW
F_IaW
FOR@W
F?iQW
F?qPW
EOdg
EChW
F?aQW
FAqRG
FIaQW
FEQJG
FKQIg
F_iaW
FOr@W
EdhW
EUow
FaaQW
FcQIg
FOb?w
F_a_w
F@YIg
FAYHg
F@pPW
FAhHg
F?iQW
F?qPW
FOB?w
F_A_w
ELhW
ERdg
F@]Ig
FA]Hg
F@tPW
FAlHg
F@]Ig
FA]Hg
F@tPW
FAlHg
FOF@W
FOJ?w
F_I_w
F?EPW
E@hW
F?iQW
F?qPW
F@YIg
FAYHg
F@pPW
FAhHg
FBiQW
FDYIg
FBqPW
FEYHg
FDpPW
FEhHg
FOf@W
FOj?w
F_i_w
F?EPW
ESow
F?eQW
F@QIg
FAQHg
FA`Hg
FDqag
FFaaW
FRaQW
FTQIg
FUQHg
FU`Hg
FSb@W
FoaPW
F?APW
E?hW
FSb@W
FoaPW
F?mQW
F?uPW
F?IQW
F?QPW
F?mQW
F?uPW
FSb@W
FoaPW
F?aPW
FSb@W
FoaPW
EOdg
F?eQW
F?IQW
F?QPW
F?yag
FAiaW
FOYIg
FOpPW
FcAIg
F?aag
FOAIg
Eodg
EKhW
EQdg
EDhW
F?eQW
F?IQW
F?QPW
FcIIg
FEb@W
FaaPW
Fc`PW
F?Iag
FO@PW
Eodg
EDhW
F@YIg
FAYHg
F@pPW
FAhHg
F?eQW
F?iQW
F?qPW
FEB@W
FaAPW
Fc@PW
F?iag
FOIIg
FO`PW
ELhW
ERdg
EDhW
F@]Ig
FA]Hg
F@tPW
FAlHg
F?eQW
F@]Ig
FA]Hg
F@tPW
FAlHg
FaIQW
FER@W
FaQPW
FcPPW
F?Yag
FAIaW
FOPPW
FDqag
FFaaW
FRaQW
FTQIg
FUQHg
FU`Hg
F@YIg
FAYHg
F@pPW
FAhHg
F?eQW
FAiQW
FCYIg
FAqPW
FCpPW
FCqag
FEaaW
FQaQW
FSQIg
E?hW
F?IQW
F?QPW
F?IQW
F?QPW
FoaRG
FsAJG
F?AJG
FoaRG
FsAJG
EDhW
EDhW
F?IQW
F?QPW
FoAJG
F?aRG
FCAJG
Eodg
EKhW
EQdg
EDhW
EDhW
F?IQW
F?QPW
FgaaW
FoQJG
F?QRG
FGAQW
EkhW
Eqdg
FDyag
FFiaW
FRiQW
FTYIg
FRqPW
FUYHg
FTpPW
FUhHg
EDhW
F?eQW
FgAaW
F?qRG
FGaQW
FCQJG
EKhW
EQdg
FDqag
FFaaW
FRaQW
FTQIg
FUQHg
FU`Hg
EDhW
F@QIg
FAQHg
FA`Hg
FgIaW
FWR@W
F?YRG
FGIQW
FGQPW
FDuag
FFeaW
FReQW
FTUIg
FUUHg
FFq_w
FUdHg
FDuag
FFeaW
FReQW
FTUIg
FUUHg
FFq_w
FUdHg
FAeQW
FCUIg
FoEJG
FWb?w
Fga_w
Fo`_w
F?ERG
FC@_w
Eodg
EDhW
EDhW
F@YIg
FAYHg
F@pPW
FAhHg
F?iQW
F?qPW
FWB?w
FgA_w
Fo@_w
F?eRG
FCEJG
FC`_w
ELhW
ERdg
EDhW
EDhW
F@]Ig
FA]Hg
F@tPW
FAlHg
F@]Ig
FA]Hg
F@tPW
FAlHg
FgEaW
FWR?w
FgQ_w
FoP_w
F?URG
FGEQW
FCP_w
FDqag
FFaaW
FRaQW
FTQIg
FUQHg
FU`Hg
EDhW
F@YIg
FAYHg
F@pPW
FAhHg
FAiQW
FCYIg
FAqPW
FCpPW
F?URG
FGEQW
FCP_w
EghW
FDYag
FFIaW
FRIQW
FRQPW
FTPPW
FUHHg
EDhW
F@PPW
FAHHg
F@aQW
FCQHg
FC`Hg
F?]RG
FGMQW
FGUPW
FCX_w
FDUag
FFEaW
FREQW
FFQ_w
FUDHg
FDUag
FFEaW
FREQW
FFQ_w
FUDHg
F@PPW
FAHHg
FDaaW
FPaQW
FSQHg
FS`Hg
E?dg
EHhW
FDEag
FFA_w
FDEag
FFA_w
F@DPW
F?r@g
F_QHg
F_`Hg
FkaaW
FoqRG
FwaQW
FsQJG
F?QRG
FGAQW
FkaaW
FoqRG
FwaQW
FsQJG
FDyag
FFiaW
FRiQW
FTYIg
FRqPW
FUYHg
FTpPW
FUhHg
EDhW
F?IQW
F?QPW
F?eQW
EKhW
EQdg
ECow
ECow
FKAaW
FOQRG
FWAQW
FCIIg
FAaPW
FC`PW
F?qag
FAaaW
FOQIg
F?qag
FAaaW
FOQIg
EKhW
EQdg
F?b@g
F_AHg
F?b@g
F_AHg
EEow
FPIRG
FXAPW
FPIRG
FXAPW
F?AIg
FSAHg
F?b@g
F_AHg
EKhW
EQdg
ELhW
ERdg
ELhW
ERdg
ELhW
ERdg
EchW
E?ow
EchW
EDhW
EDhW
E?ow
E?ow
E?hW
E?hW
E?hW
EKhW
EQdg
F?IQW
F?QPW
ELhW
ERdg
ELhW
ERdg
F@TPW
FALHg
EchW
E?ow
EchW
EDhW
F?eQW
E`hW
EQow
E?ow
E?ow
EChW
EChW
FCIIg
FAaPW
FC`PW
EKhW
EQdg
F?IQW
F?QPW
ELhW
ERdg
ELhW
ERdg
F@TPW
FALHg
EchW
F?B@W
EchW
EDhW
F?eQW
ESow
F?B?w
E?ow
ESow
F?mQW
F?uPW
F?mQW
F?uPW
EOow
F?b?w
ECow
EKhW
EQdg
F?iQW
F?qPW
F@YIg
FAYHg
F@pPW
FAhHg
ESow
F?b?w
ESow
EOdg
F?eQW
F?yag
FAiaW
FOYIg
FOpPW
F?r?w
EEow
ELhW
ERdg
ELhW
ERdg
F?IQW
F?QPW
FLqag
FNaaW
FRqRG
FZaQW
FVQJG
F\QIg
F]QHg
F]`Hg
E`hW
EQow
F?F@W
F?J?w
E?ow
EChW
F?iQW
F?qPW
FAiQW
FCYIg
FAqPW
FCpPW
FCB@W
F_APW
EKhW
EQdg
EDhW
F?eQW
ECow
FCb?w
FKeag
FQeRG
FUEJG
F[EIg
FMa_w
FU`_w
F@UIg
FAUHg
FAdHg
F?uag
FAeaW
FOUIg
FAq_w
F_EQW
FCR?w
E`hW
EQow
EKhW
EQdg
EKhW
EQdg
F@PPW
FAHHg
FAaQW
FCQIg
E`hW
EQow
FCF@W
F_EPW
FCJ?w
EOdg
EChW
F?qag
FAaaW
FOQIg
FAaQW
FCQIg
FcEIg
FEb?w
FLeaW
FPuRG
FXeQW
FTUJG
F[UHg
FLq_w
F[dHg
FTp_w
EPdg
FHPPW
FIHHg
FCEIg
Eadg
FHIag
FX@PW
FHIag
FX@PW
FOaPW
FBAJG
FHAIg
FIAHg
F?r@g
F_QHg
F_`Hg
EEow
FLIag
FRIRG
FZAPW
F\@PW
FLIag
FRIRG
FZAPW
F\@PW
F?iag
FOIIg
FO`PW
FLaag
FRaRG
FVAJG
F\AIg
F]AHg
F?r@g
F_QHg
F_`Hg
EKhW
EQdg
F?IQW
F?QPW
ELhW
ERdg
ELhW
ERdg
F@TPW
FALHg
EchW
F?B@W
F?B@W
EchW
F?mQW
F?uPW
F?mQW
F?uPW
E`hW
EQow
F?F@W
F?J?w
F?F@W
F?J?w
F?iQW
F?qPW
F?iQW
F?qPW
FBiQW
FDYIg
FBqPW
FEYHg
FDpPW
FEhHg
EchW
FCB@W
F_APW
FCB@W
F_APW
EchW
EKhW
EQdg
F?mQW
F?uPW
F?IQW
F?QPW
F?mQW
F?uPW
FEB@W
FaAPW
Fc@PW
FEB@W
FaAPW
Fc@PW
ELhW
ERdg
ELhW
ERdg
F?mQW
F?uPW
F@TPW
FALHg
F?mQW
F?uPW
FLIag
FRIRG
FZAPW
F\@PW
FLIag
FRIRG
FZAPW
F\@PW
F@TPW
FALHg
F?r@g
F_QHg
F_`Hg
FKqag
FMaaW
FQqRG
FYaQW
FUQJG
F[QIg
F?IQW
F?QPW
EChW
FOB@W
FOB@W
EKhW
EQdg
F@YIg
FAYHg
F@pPW
FAhHg
F?iQW
F?qPW
FOb@W
FOb@W
FKuag
FMeaW
FQuRG
FYeQW
FUUJG
F[UIg
FMq_w
FUp_w
F@TPW
FALHg
FAeQW
FCUIg
F_IaW
FOR@W
F_IaW
FOR@W
EKhW
EQdg
EKhW
EQdg
F@PPW
FAHHg
FAaQW
FCQIg
FOB?w
F_A_w
FOB?w
F_A_w
EKhW
EQdg
F?mQW
F?uPW
F?mQW
F?uPW
FOb?w
F_a_w
FKaag
FQaRG
FUAJG
F[AIg
F?eQW
F?yag
FAiaW
FOYIg
FOpPW
FOF@W
FOJ?w
F_I_w
FOF@W
FOJ?w
F_I_w
EKhW
EQdg
F@PPW
FAHHg
F?MQW
F?UPW
FAiQW
FCYIg
FAqPW
FCpPW
EDhW
FKEag
FQERG
FMA_w
FU@_w
F@EIg
FAEHg
F`aQW
FCr@g
FcQHg
Fc`Hg
EDhW
EKhW
EQdg
F@AIg
FAAHg
F_aQW
FKMag
FQMRG
FYEPW
FMI_w
F[DPW
FUH_w
FAAJG
FGAIg
FoAJG
FoAJG
FLqag
FNaaW
FRqRG
FZaQW
FVQJG
F\QIg
F]QHg
F]`Hg
ELhW
ERdg
ELhW
ERdg
F?IQW
F?QPW
FWB?w
FgA_w
Fo@_w
FWB?w
FgA_w
Fo@_w
ELhW
ERdg
ELhW
ERdg
ELhW
ERdg
F?mQW
F?uPW
F?mQW
F?uPW
FLIag
FRIRG
FZAPW
F\@PW
FLIag
FRIRG
FZAPW
F\@PW
ELhW
ERdg
F?r@g
F_QHg
F_`Hg
F_QIg
F_aQW
F_EIg
FAb?w
ECow
FCAIg
F?aQW
F?qag
FAaaW
FOQIg
F_UIg
FAr?w
FAAPW
FC@PW
F_mQW
FCv@W
F_uPW
FCz?w
FdEIg
FEf@g
FeEHg
FFb?w
F_MIg
FAf@W
FAj?w
F_dPW
F@EIg
FAEHg
FCb@g
FcAHg
EEow
FCEIg
FADHg
F?AQW
FSAHg
FcAIg
Eodg
FAaQW
FCQIg
F?IQW
F?QPW
FEB@W
FaAPW
Fc@PW
FAeQW
FCUIg
F@]Ig
FA]Hg
F@tPW
FAlHg
F@]Ig
FA]Hg
F@tPW
FAlHg
FAeQW
FCUIg
F@TPW
FALHg
FAeQW
FCUIg
FEB?w
ECow
FAaQW
FCQIg
FDaaW
FPaQW
FSQHg
FS`Hg
F@QIg
FAQHg
FA`Hg
FaEQW
FER?w
E?ow
FcEIg
FEb?w
FDeaW
FPeQW
FSUHg
FDq_w
FSdHg
F?eQW
FEF@W
FaEPW
FEJ?w
FcDPW
FAEQW
F@MIg
FAMHg
F@dPW
FSAHg
FBaRG
FFAJG
FLAIg
FMAHg
EEow
FAeQW
FCUIg
F@TPW
FALHg
FDAaW
FPAQW
FS@Hg
FLaag
FRaRG
FVAJG
F\AIg
F]AHg
EWow
FAEQW
F@DPW
FPAPW
FDAaW
FPAQW
FS@Hg
FcAIg
Eodg
FAaQW
FCQIg
F?IQW
F?QPW
FAeQW
FCUIg
F@TPW
FALHg
FAeQW
FCUIg
FoaRG
FsAJG
FoaRG
FsAJG
FAaQW
FCQIg
F?IQW
F?QPW
F?IQW
F?QPW
F?IQW
F?QPW
FcAaW
FoAQW
F?iQW
F?qPW
F@YIg
FAYHg
F@pPW
FAhHg
F?IQW
F?QPW
F?IQW
F?QPW
FKqag
FMaaW
FQqRG
FYaQW
FUQJG
F[QIg
F?AQW
F?AQW
F?AQW
EKhW
EQdg
F?IQW
F?QPW
F_aaW
F?AQW
F?AQW
EchW
F?mQW
F?uPW
F?mQW
F?uPW
F_IaW
FOR@W
F?IQW
F?QPW
F?IQW
F?QPW
F?iQW
F?qPW
F?iQW
F?qPW
FBiQW
FDYIg
FBqPW
FEYHg
FDpPW
FEhHg
F_iaW
FOr@W
F?IQW
F?QPW
EdhW
EUow
F?eQW
F?eQW
FDyag
FFiaW
FRiQW
FTYIg
FRqPW
FUYHg
FTpPW
FUhHg
F_IaW
FOR@W
F?iQW
F?qPW
EOdg
F?aQW
F?aQW
FAqRG
FIaQW
FEQJG
FKQIg
F_iaW
FOr@W
EdhW
EUow
FaaQW
FcQIg
FOB?w
F_A_w
ELhW
ERdg
F@]Ig
FA]Hg
F@tPW
FAlHg
F@]Ig
FA]Hg
F@tPW
FAlHg
F_EaW
FOR?w
F_Q_w
F?EQW
F?EQW
F?iQW
F?qPW
F@YIg
FAYHg
F@pPW
FAhHg
FBiQW
FDYIg
FBqPW
FEYHg
FDpPW
FEhHg
EKhW
EQdg
F?IQW
F?QPW
F?IQW
F?QPW
FcaaW
FoaQW
F?AQW
F?AQW
FcaaW
FoaQW
F?mQW
F?uPW
F?IQW
F?QPW
F?mQW
F?uPW
FcIaW
FoIQW
FSR@W
FoQPW
F?IQW
F?QPW
F?IQW
F?QPW
F?iQW
F?qPW
F?iQW
F?qPW
F?IQW
F?QPW
FBiQW
FDYIg
FBqPW
FEYHg
FDpPW
FEhHg
FciaW
FoiQW
FSr@W
FoqPW
F?IQW
F?QPW
FciaW
FoiQW
FSr@W
FoqPW
F?eQW
F?eQW
F?IQW
F?QPW
FDyag
FFiaW
FRiQW
FTYIg
FRqPW
FUYHg
FTpPW
FUhHg
FcIag
FUB@W
FqAPW
Fs@PW
F?IIg
F?`PW
F?IIg
F?`PW
EchW
F?mQW
F?uPW
F?iQW
F?qPW
F?mQW
F?uPW
F@YIg
FAYHg
F@pPW
FAhHg
FKqag
FMaaW
FQqRG
FYaQW
FUQJG
F[QIg
F?IQW
F?QPW
F?IQW
F?QPW
F?IQW
F?QPW
FcaaW
FoaQW
FCAaW
FOAQW
FCAaW
FOAQW
FcaaW
FoaQW
EKhW
EQdg
F?mQW
F?uPW
F?IQW
F?QPW
F?IQW
F?QPW
F?mQW
F?uPW
FKqag
FMaaW
FQqRG
FYaQW
FUQJG
F[QIg
F?IQW
F?QPW
F?aaW
F_AQW
F_AQW
EKhW
EQdg
F@YIg
FAYHg
F@pPW
FAhHg
F?iQW
F?qPW
FCB@W
F_APW
FCB@W
F_APW
EKhW
EQdg
F?mQW
F?uPW
F?mQW
F?uPW
FCb@W
F_aPW
FKaag
FQaRG
FUAJG
F[AIg
F?eQW
F?yag
FAiaW
FOYIg
FOpPW
F?iaW
F_IQW
FCR@W
F_QPW
EKhW
EQdg
F@QIg
FAQHg
FA`Hg
F?eQW
FCyag
FEiaW
FQiQW
FSYIg
FQqPW
FSpPW
F_EQW
FCR?w
F_EQW
FCR?w
EKhW
EQdg
F@PPW
FAHHg
F@PPW
FAHHg
FAaQW
FCQIg
FKqag
FMaaW
FQqRG
FYaQW
FUQJG
F[QIg
F?IQW
F?QPW
F?IQW
F?QPW
FOaPW
FCB@W
F_APW
FCB@W
F_APW
EchW
EKhW
EQdg
F?mQW
F?uPW
F?IQW
F?QPW
F?mQW
F?uPW
FCIaW
FOIQW
FOQPW
F_IQW
FCR@W
F_QPW
F_IQW
FCR@W
F_QPW
EKhW
EQdg
F@YIg
FAYHg
F@pPW
FAhHg
F?iQW
F?qPW
F?IQW
F?QPW
FBiQW
FDYIg
FBqPW
FEYHg
FDpPW
FEhHg
F?iag
FOIIg
FO`PW
FEB@W
FaAPW
Fc@PW
FEB@W
FaAPW
Fc@PW
ELhW
ERdg
F@]Ig
FA]Hg
F@tPW
FAlHg
F?mQW
F?uPW
F@]Ig
FA]Hg
F@tPW
FAlHg
F?mQW
F?uPW
EKhW
EQdg
F@PPW
FAHHg
E`hW
EQow
F@PPW
FAHHg
EWow
FSAHg
FAAJG
FGAIg
E@hW
FA@Hg
F?aRG
FCAJG
F?B@W
E`hW
EQow
F?aag
FOAIg
F?aag
FOAIg
EKhW
EQdg
EOdg
EOdg
EKhW
EQdg
FDAaW
FPAQW
FS@Hg
FKaag
FQaRG
FUAJG
F[AIg
FDAaW
FPAQW
FS@Hg
F@PPW
FAHHg
EChW
EChW
FDAaW
FPAQW
FS@Hg
F@PPW
FAHHg
EchW
EchW
EchW
EchW
E`hW
EQow
E?hW
EChW
F?aQW
F?APW
Fcaag
FsAIg
Fcaag
FsAIg
F?IQW
F?QPW
EchW
EchW
E?hW
FDAaW
FPAQW
FS@Hg
FKAaW
FOQRG
FWAQW
Eodg
Eodg
EKhW
EQdg
ELhW
ERdg
ELhW
ERdg
ELhW
ERdg
EkhW
Eqdg
EkhW
Eqdg
EkhW
Eqdg
Eodg
Eodg
EKhW
EQdg
F?IQW
F?QPW
ELhW
ERdg
ELhW
ERdg
F@TPW
FALHg
EchW
EchW
E`hW
EQow
E?ow
E?ow
F?iQW
F?qPW
F?iQW
F?qPW
E`hW
EQow
ECow
EOdg
F?aQW
F?qag
FAaaW
FOQIg
ECow
ECow
EKhW
EQdg
F?IQW
F?QPW
FAaQW
FCQIg
EdhW
EUow
EdhW
EUow
FgaaW
FoQJG
E`hW
EQow
F?b@g
F_AHg
EEow
EPdg
EPdg
F?AQW
FSAHg
Eodg
Eodg
EKhW
EQdg
EkhW
Eqdg
EkhW
Eqdg
EkhW
Eqdg
Eodg
Eodg
EKhW
EQdg
F?IQW
F?QPW
ELhW
ERdg
ELhW
ERdg
F@TPW
FALHg
Epdg
E[ow
E?ow
Epdg
E[ow
FDiaW
FPiQW
FPqPW
FSYHg
FShHg
F?eQW
EWow
ECow
EKhW
EQdg
FDaaW
FPaQW
FSQHg
FS`Hg
F@QIg
FAQHg
FA`Hg
EWow
EHhW
EHhW
FSAHg
FBAJG
FHAIg
FIAHg
EEow
ELhW
ERdg
ELhW
ERdg
FDAaW
FPAQW
FS@Hg
FLaag
FRaRG
FVAJG
F\AIg
F]AHg
EKhW
EQdg
FKaag
FQaRG
FUAJG
F[AIg
FDAaW
FPAQW
FS@Hg
EEow
FKEag
FQERG
FMA_w
FU@_w
F@EIg
FAEHg
FoEJG
FWb?w
Fga_w
Fo`_w
ESow
FKeag
FQeRG
FUEJG
F[EIg
FMa_w
FU`_w
FADHg
F?eRG
FCEJG
FC`_w
FKMag
FQMRG
FYEPW
FMI_w
F[DPW
FUH_w
F?J@g
F@B@W
E`hW
EQow
EOdg
EGhW
F?aag
FOAIg
F?aag
FOAIg
E`hW
EQow
EOdg
EKhW
EQdg
F?Qag
FAAaW
FCAIg
Eodg
Eodg
FGaaW
FOQJG
F?IQW
F?QPW
FGiaW
FOYJG
ELhW
ERdg
F@TPW
FALHg
EWow
EKhW
EQdg
FoAJG
F@AIg
FAAHg
FLEaW
FPURG
FXEQW
FLQ_w
F[DHg
FTP_w
EPdg
FH@PW
F?ERG
FC@_w
ELhW
ERdg
ELhW
ERdg
ELhW
ERdg
FLIag
FRIRG
FZAPW
F\@PW
FLIag
FRIRG
FZAPW
F\@PW
ELhW
ERdg
FWB?w
FgA_w
Fo@_w
EkhW
Eqdg
EkhW
Eqdg
EkhW
Eqdg
Eodg
Eodg
EKhW
EQdg
F?IQW
F?QPW
ELhW
ERdg
ELhW
ERdg
F@TPW
FALHg
F?AQW
F?AQW
Eodg
Eodg
F?IQW
F?QPW
FAaQW
FCQIg
Eodg
Eodg
FDAaW
FPAQW
FS@Hg
F?IQW
F?QPW
FKaaW
FOqRG
FWaQW
FSQJG
Eodg
Eodg
EWow
FDA_w
F?APW
F?aag
FOAIg
EkhW
Eqdg
EkhW
Eqdg
EkhW
Eqdg
FDAaW
FPAQW
FS@Hg
FDAaW
FPAQW
FS@Hg
FKAaW
FOQRG
FWAQW
F_aQW
EchW
F_EQW
FCR?w
E?ow
E?ow
F?iQW
F?qPW
F?iQW
F?qPW
EAow
EAow
F@PPW
FAHHg
F?IQW
F?QPW
FAaQW
FCQIg
F_mQW
FCv@W
F_uPW
FCz?w
EdhW
EUow
F@AIg
FAAHg
FkaaW
FoqRG
FwaQW
FsQJG
EAow
E`hW
EQow
FA@Hg
F?EQW
F?qRG
FGaQW
FCQJG
EEow
EPdg
FADHg
F?AQW
FSAHg
E`hW
EQow
F?b@g
F_AHg
FcIIg
FEb@W
FaaPW
Fc`PW
Eodg
F@YIg
FAYHg
F@pPW
FAhHg
F?iQW
F?qPW
FEB@W
FaAPW
Fc@PW
ELhW
ERdg
F@]Ig
FA]Hg
F@tPW
FAlHg
F@]Ig
FA]Hg
F@tPW
FAlHg
ELhW
ERdg
F@TPW
FALHg
FAeQW
FCUIg
FcEIg
FEb?w
E?ow
Epdg
E[ow
FDiaW
FPiQW
FPqPW
FSYHg
FShHg
F?eQW
FEB?w
ECow
EKhW
EQdg
FDaaW
FPaQW
FSQHg
FS`Hg
F@QIg
FAQHg
FA`Hg
EAow
EWow
F@PPW
FAHHg
FDIaW
FPIQW
FPQPW
FSHHg
FCIIg
FAaPW
FC`PW
EEow
ELhW
ERdg
F@TPW
FALHg
FDAaW
FPAQW
FS@Hg
FLaag
FRaRG
FVAJG
F\AIg
F]AHg
EWow
EHhW
F@DPW
FPAPW
FDAaW
FPAQW
FS@Hg
FcAIg
Eodg
FGaaW
FOQJG
F?IQW
F?QPW
FEB@W
FaAPW
Fc@PW
FGiaW
FOYJG
F@]Ig
FA]Hg
F@tPW
FAlHg
F@]Ig
FA]Hg
F@tPW
FAlHg
FGiaW
FOYJG
F@TPW
FALHg
FAeQW
FCUIg
FcEIg
FEb?w
Epdg
E[ow
FgaaW
FoQJG
EghW
EghW
F@PPW
FAHHg
F?QHg
F?`Hg
ELhW
ERdg
F@TPW
FALHg
FAeQW
FCUIg
F_aQW
EchW
FKaag
FQaRG
FUAJG
F[AIg
F?IQW
F?QPW
FDAaW
FPAQW
FS@Hg
FaaQW
FcQIg
EkhW
Eqdg
EkhW
Eqdg
FKAaW
FOQRG
FWAQW
FDAaW
FPAQW
FS@Hg
FDAaW
FPAQW
FS@Hg
FAaQW
FCQIg
FAaQW
FCQIg
F@PPW
FAHHg
F@PPW
FAHHg
FAaQW
FCQIg
FAaQW
FCQIg
FAAPW
FC@PW
FAAPW
FC@PW
F?mQW
F?uPW
FAaQW
FCQIg
F?mQW
F?uPW
FCaaW
FOaQW
F@YIg
FAYHg
F@pPW
FAhHg
F?iQW
F?qPW
FOaPW
F?AQW
F?AQW
F_aaW
F?mQW
F?uPW
F?mQW
F?uPW
F?aQW
F?aQW
F_AaW
F@PPW
FAHHg
F?MQW
F?UPW
FAiQW
FCYIg
FAqPW
FCpPW
FOePW
FCi_w
F?IQW
F?QPW
F_iaW
FOr@W
F?eQW
F?eQW
FDyag
FFiaW
FRiQW
FTYIg
FRqPW
FUYHg
FTpPW
FUhHg
FCmaW
FOmQW
FOuPW
FCy_w
F_iaW
FOr@W
F@AIg
FAAHg
Fcqag
FeaaW
FqaQW
FsQIg
FDaaW
FPaQW
FSQHg
FS`Hg
F?b@g
F_AHg
F?b@g
F_AHg
FSAHg
F@YIg
FAYHg
F@pPW
FAhHg
F?mQW
F?uPW
F?mQW
F?uPW
F?iQW
F?qPW
FcIIg
FEb@W
FaaPW
Fc`PW
F?QRG
FGAQW
FcAIg
EDhW
F@YIg
FAYHg
F@pPW
FAhHg
F?eQW
F?iQW
F?qPW
F?qRG
FGaQW
FCQJG
FaAQW
FDYag
FFIaW
FRIQW
FRQPW
FTPPW
FUHHg
F@PPW
FAHHg
F?eQW
F@aQW
FCQHg
FC`Hg
FAAPW
FC@PW
FGiaW
FOYJG
FAmQW
FC]Ig
FAuPW
FCtPW
FAmQW
FC]Ig
FAuPW
FCtPW
EDhW
FOIJG
E?dg
FCEIg
F_aaW
FAiQW
FCYIg
FAqPW
FCpPW
FAEPW
FCDPW
FCaaW
FOaQW
FCaag
FSAIg
FCaaW
FOaQW
F?AQW
FKqag
FMaaW
FQqRG
FYaQW
FUQJG
F[QIg
FCIIg
FAaPW
FC`PW
FAIQW
FAQPW
FCPPW
F?qag
FAaaW
FOQIg
F?aag
FOAIg
FCAIg
EKhW
EQdg
EKhW
EQdg
F@IQW
F@QPW
FCHHg
FCIIg
FAaPW
FC`PW
F?Qag
FAAaW
F?Qag
FAAaW
FAaQW
FCQIg
EKhW
EQdg
EKhW
EQdg
F@IQW
F@QPW
FCHHg
F@IQW
F@QPW
FCHHg
F?iag
FOIIg
FO`PW
F?iag
FOIIg
FO`PW
FAAPW
FC@PW
ELhW
ERdg
FAmQW
FC]Ig
FAuPW
FCtPW
F@IQW
F@QPW
FCHHg
FAmQW
FC]Ig
FAuPW
FCtPW
F?Yag
FAIaW
FOPPW
F?Iag
FO@PW
FCIIg
FAaPW
FC`PW
EKhW
EQdg
FAiQW
FCYIg
FAqPW
FCpPW
F@IQW
F@QPW
FCHHg
F@iQW
F@qPW
FCYHg
FChHg
F?Yag
FAIaW
FOPPW
F?Yag
FAIaW
FOPPW
EOdg
EOdg
FAaQW
FCQIg
F@IQW
F@QPW
FCHHg
F?qag
FAaaW
FOQIg
E?hW
E?hW
E?hW
E?dg
E?dg
E?dg
E?hW
E?hW
E?hW
F?iag
FOIIg
FO`PW
F?YRG
FGIQW
FGQPW
F?}ag
FAmaW
FO]Ig
FAy_w
FOtPW
E?hW
F?}ag
FAmaW
FO]Ig
FAy_w
FOtPW
F?Yag
FAIaW
FOPPW
F?iRG
FCIJG
FGaPW
F?Yag
FAIaW
FOPPW
E?hW
F?Yag
FAIaW
FOPPW
FCaaW
FOaQW
FCaaW
FOaQW
FAQRG
FIAQW
FAQRG
FIAQW
E?hW
FCIIg
FAaPW
FC`PW
F?qag
FAaaW
FOQIg
EKhW
EQdg
FCaaW
FOaQW
FCaaW
FOaQW
FKQag
FMAaW
FQQRG
FYAQW
FKQag
FMAaW
FQQRG
FYAQW
FCIIg
FAaPW
FC`PW
FCIIg
FAaPW
FC`PW
F?qag
FAaaW
FOQIg
FKAaW
FOQRG
FWAQW
FCQag
FEAaW
FQAQW
F?qag
FAaaW
FOQIg
EKhW
EQdg
EKhW
EQdg
EKhW
EQdg
FCIIg
FAaPW
FC`PW
FAIQW
FAQPW
FCPPW
F@IQW
F@QPW
FCHHg
F?aPW
EChW
FAAQW
FGaaW
FOQJG
F?YHg
F?hHg
FAiQW
FCYIg
FAqPW
FCpPW
FAAPW
FC@PW
FGiaW
FOYJG
FAmQW
FC]Ig
FAuPW
FCtPW
FAmQW
FC]Ig
FAuPW
FCtPW
F?ePW
FAIQW
FAQPW
FCPPW
FOIJG
F?IHg
FCMIg
FAePW
FCdPW
FCyag
FEiaW
FQiQW
FSYIg
FQqPW
FSpPW
F?mQW
F?uPW
FOIJG
E?dg
F?AHg
FCEIg
FcaaW
FoaQW
EDhW
FGIaW
F?@Hg
FAEQW
F_aQW
FAiQW
FCYIg
FAqPW
FCpPW
FAEPW
FCDPW
FCaaW
FOaQW
F@aQW
FCQHg
FC`Hg
EChW
F?qRG
FGaQW
FCQJG
FCQag
FEAaW
FQAQW
EGhW
F@IQW
F@QPW
FCHHg
EChW
FCIIg
FAaPW
FC`PW
F?qag
FAaaW
FOQIg
FAaQW
FCQIg
FCaag
FSAIg
FCaag
FSAIg
FGqag
FIaaW
FQQJG
FWQIg
FGqag
FIaaW
FQQJG
FWQIg
FCIIg
FAaPW
FC`PW
F?qag
FAaaW
FOQIg
FCIIg
FAaPW
FC`PW
Eodg
Eodg
Eodg
Eodg
E?hW
EkhW
Eqdg
EkhW
Eqdg
EkhW
Eqdg
ElhW
Erdg
E]ow
ElhW
Erdg
E]ow
ElhW
Erdg
E]ow
ElhW
Erdg
E]ow
ElhW
Erdg
E]ow
EkhW
Eqdg
Eodg
EkhW
Eqdg
Eodg
EkhW
Eqdg
F?iag
FOIIg
FO`PW
ElhW
Erdg
E]ow
ElhW
Erdg
E]ow
ElhW
Erdg
E]ow
ElhW
Erdg
E]ow
FPePW
FSMHg
FDi_w
FoaRG
FsAJG
EchW
FoaRG
FsAJG
EchW
E?hW
F?Uag
FAEaW
FAQ_w
FoeRG
FsEJG
F[b?w
Fka_w
Fs`_w
E`hW
EQow
FoeRG
FsEJG
F[b?w
Fka_w
Fs`_w
F?yag
FAiaW
FOYIg
FOpPW
F?yag
FAiaW
FOYIg
FOpPW
FkEaW
FoURG
FwEQW
F[R?w
FkQ_w
FsP_w
E`hW
EQow
Eodg
Eodg
F?qag
FAaaW
FOQIg
F?qag
FAaaW
FOQIg
Eodg
E`hW
EQow
Eodg
EWow
EWow
F?Qag
FAAaW
F?aag
FOAIg
Fkeag
FqeRG
FuEJG
F{EIg
F]b?w
Fma_w
Fu`_w
Fkeag
FqeRG
FuEJG
F{EIg
F]b?w
Fma_w
Fu`_w
EkhW
Eqdg
FPaPW
FSIHg
F?r@g
F_QHg
F_`Hg
FgaaW
FoQJG
Eodg
EkhW
Eqdg
Eodg
EkhW
Eqdg
F?iag
FOIIg
FO`PW
FoAJG
EkhW
Eqdg
Eodg
EkhW
Eqdg
EkhW
Eqdg
F?Uag
FAEaW
FAQ_w
FgiaW
FoYJG
FWr@W
ElhW
Erdg
E]ow
ElhW
Erdg
E]ow
ElhW
Erdg
E]ow
FPePW
FSMHg
FDi_w
FoEJG
FWb?w
Fga_w
Fo`_w
Epdg
E[ow
Eodg
Epdg
E[ow
FBYJG
FHYIg
FIYHg
FHpPW
FIhHg
F?uag
FAeaW
FOUIg
FAq_w
FWB?w
FgA_w
Fo@_w
ElhW
Erdg
E]ow
ElhW
Erdg
E]ow
ElhW
Erdg
E]ow
FB]JG
FH]Ig
FI]Hg
FHtPW
FIlHg
FBx_w
FB]JG
FH]Ig
FI]Hg
FHtPW
FIlHg
FBx_w
Fcaag
FsAIg
FcaaW
FoaQW
Fcaag
FsAIg
FcaaW
FoaQW
E?hW
F?iag
FOIIg
FO`PW
F?Uag
FAEaW
FAQ_w
FgaaW
FoQJG
FcAIg
EkhW
Eqdg
Eodg
EkhW
Eqdg
F?iag
FOIIg
FO`PW
FoIJG
FWb@W
FcIIg
FEb@W
FaaPW
Fc`PW
Epdg
E[ow
Eodg
FDiaW
FPiQW
FPqPW
FSYHg
FShHg
F?yag
FAiaW
FOYIg
FOpPW
FgiaW
FoYJG
FWr@W
FEB@W
FaAPW
Fc@PW
ElhW
Erdg
E]ow
ElhW
Erdg
E]ow
FDmaW
FPmQW
FPuPW
FS]Hg
FDy_w
FSlHg
FDmaW
FPmQW
FPuPW
FS]Hg
FDy_w
FSlHg
FgiaW
FoYJG
FWr@W
ElhW
Erdg
E]ow
ElhW
Erdg
E]ow
FPePW
FSMHg
FDi_w
FaeQW
FcUIg
FEr?w
FWB@W
FaiQW
FcYIg
FEr@W
FaqPW
FcpPW
EkhW
Eqdg
EkhW
Eqdg
FDaaW
FPaQW
FSQHg
FS`Hg
FBQJG
FHQIg
FIQHg
FI`Hg
FoIJG
FWb@W
Epdg
E[ow
EghW
EghW
FPaPW
FSIHg
F?r@g
F_QHg
F_`Hg
FoMJG
FWf@W
FWj?w
Fgi_w
Foh_w
FEF@W
FaEPW
FEJ?w
FcDPW
Epdg
E[ow
FDiaW
FPiQW
FPqPW
FSYHg
FShHg
FBQJG
FHQIg
FIQHg
FI`Hg
FDqag
FFaaW
FRaQW
FTQIg
FUQHg
FU`Hg
FoiRG
FsIJG
F[b@W
FwaPW
FcIIg
FEb@W
FaaPW
Fc`PW
FoiRG
FsIJG
F[b@W
FwaPW
Eodg
FDiaW
FPiQW
FPqPW
FSYHg
FShHg
F?Uag
FAEaW
FAQ_w
F?yag
FAiaW
FOYIg
FOpPW
FkiaW
FoyRG
FwiQW
FsYJG
F[r@W
FwqPW
FEB@W
FaAPW
Fc@PW
FkiaW
FoyRG
FwiQW
FsYJG
F[r@W
FwqPW
ElhW
Erdg
E]ow
FDmaW
FPmQW
FPuPW
FS]Hg
FDy_w
FSlHg
F?Uag
FAEaW
FAQ_w
FDmaW
FPmQW
FPuPW
FS]Hg
FDy_w
FSlHg
FaaQW
FcQIg
FcAIg
FgaaW
FoQJG
Eodg
EkhW
Eqdg
F?iag
FOIIg
FO`PW
FcIIg
FEb@W
FaaPW
Fc`PW
FaaQW
FcQIg
FoAJG
EkhW
Eqdg
FBYJG
FHYIg
FIYHg
FHpPW
FIhHg
F?uag
FAeaW
FOUIg
FAq_w
FcEIg
FEb?w
FcIIg
FEb@W
FaaPW
Fc`PW
FoIJG
FWb@W
Eodg
FDiaW
FPiQW
FPqPW
FSYHg
FShHg
F?yag
FAiaW
FOYIg
FOpPW
FaeQW
FcUIg
FEr?w
FEB@W
FaAPW
Fc@PW
FgiaW
FoYJG
FWr@W
ElhW
Erdg
E]ow
FDmaW
FPmQW
FPuPW
FS]Hg
FDy_w
FSlHg
FDmaW
FPmQW
FPuPW
FS]Hg
FDy_w
FSlHg
FaeQW
FcUIg
FEr?w
FgiaW
FoYJG
FWr@W
ElhW
Erdg
E]ow
FPePW
FSMHg
FDi_w
FaeQW
FcUIg
FEr?w
FcMIg
FEf@W
FaePW
FEj?w
FcdPW
FaIQW
FER@W
FaQPW
FcPPW
FoIJG
FWb@W
FBQJG
FHQIg
FIQHg
FI`Hg
FDiaW
FPiQW
FPqPW
FSYHg
FShHg
FCyag
FEiaW
FQiQW
FSYIg
FQqPW
FSpPW
F_QIg
FgQag
FiAaW
FgQag
FiAaW
FGPPW
E?dg
F?iag
FOIIg
FO`PW
FcAIg
F_EIg
FAb?w
Fgeag
FqEJG
FwEIg
FYb?w
Fia_w
Fq`_w
EghW
F?qRG
FGaQW
FCQJG
F?Yag
FAIaW
FOPPW
FEB@W
FaAPW
Fc@PW
F_UIg
FAr?w
EghW
EghW
FA]JG
FG]Ig
FGtPW
FAx_w
F?eRG
FCEJG
FC`_w
FBURG
FJEQW
FMDHg
FFP_w
FEB?w
F_MIg
FAf@W
FAj?w
F_dPW
EghW
EghW
FDaaW
FPaQW
FSQHg
FS`Hg
F?aRG
FCAJG
FAQRG
FIAQW
FcEIg
FEb?w
Fgmag
FqMJG
FwMIg
FYf@W
FYj?w
Fii_w
FwdPW
Fqh_w
EghW
FPaPW
FSIHg
F?QRG
FGAQW
FaAQW
FaaQW
FcQIg
FcAIg
Fgqag
FiaaW
FqQJG
FwQIg
Eodg
Fgqag
FiaaW
FqQJG
FwQIg
F?iag
FOIIg
FO`PW
F?iag
FOIIg
FO`PW
FaiQW
FcYIg
FEr@W
FaqPW
FcpPW
FaAQW
Fgqag
FiaaW
FqQJG
FwQIg
Fgqag
FiaaW
FqQJG
FwQIg
FBQJG
FHQIg
FIQHg
FI`Hg
F?iag
FOIIg
FO`PW
FDaaW
FPaQW
FSQHg
FS`Hg
FaaQW
FcQIg
FgQag
FiAaW
EkhW
Eqdg
FgQag
FiAaW
FHPPW
FIHHg
F?iag
FOIIg
FO`PW
F?iag
FOIIg
FO`PW
FaeQW
FcUIg
FEr?w
FEB@W
FaAPW
Fc@PW
Fgyag
FiiaW
FqYJG
FwYIg
FYr@W
FwpPW
Fgyag
FiiaW
FqYJG
FwYIg
FYr@W
FwpPW
FDmaW
FPmQW
FPuPW
FS]Hg
FDy_w
FSlHg
F?iag
FOIIg
FO`PW
FDmaW
FPmQW
FPuPW
FS]Hg
FDy_w
FSlHg
FaaQW
FcQIg
Fcaag
FsAIg
Fgqag
FiaaW
FqQJG
FwQIg
Fcaag
FsAIg
Fgqag
FiaaW
FqQJG
FwQIg
F?iag
FOIIg
FO`PW
F?iag
FOIIg
FO`PW
F?iag
FOIIg
FO`PW
FaaQW
FcQIg
FDaaW
FPaQW
FSQHg
FS`Hg
FgaaW
FoQJG
FcAIg
FDiaW
FPiQW
FPqPW
FSYHg
FShHg
F?yag
FAiaW
FOYIg
FOpPW
FaeQW
FcUIg
FEr?w
FDAaW
FPAQW
FS@Hg
FgiaW
FoYJG
FWr@W
FDmaW
FPmQW
FPuPW
FS]Hg
FDy_w
FSlHg
FaeQW
FcUIg
FEr?w
FDmag
FTMIg
FRePW
FUMHg
FFi_w
FTdPW
